Archive member included to satisfy reference by file (symbol)

/usr/lib/gcc/arm-none-eabi/12.2.0/thumb/v6-m/nofp/libgcc.a(_dvmd_tls.o)
                              CMakeFiles/app.dir/usr/share/pico-sdk/src/rp2_common/pico_divider/divider.S.obj (__aeabi_idiv0)
/usr/lib/gcc/arm-none-eabi/12.2.0/../../../../arm-none-eabi/lib/thumb/v6-m/nofp/libg.a(lib_a-atexit.o)
                              /usr/lib/gcc/arm-none-eabi/12.2.0/../../../../arm-none-eabi/lib/thumb/v6-m/nofp/crt0.o (atexit)
/usr/lib/gcc/arm-none-eabi/12.2.0/../../../../arm-none-eabi/lib/thumb/v6-m/nofp/libg.a(lib_a-calloc.o)
                              CMakeFiles/app.dir/usr/share/pico-sdk/src/rp2_common/pico_malloc/pico_malloc.c.obj (calloc)
/usr/lib/gcc/arm-none-eabi/12.2.0/../../../../arm-none-eabi/lib/thumb/v6-m/nofp/libg.a(lib_a-callocr.o)
                              /usr/lib/gcc/arm-none-eabi/12.2.0/../../../../arm-none-eabi/lib/thumb/v6-m/nofp/libg.a(lib_a-calloc.o) (_calloc_r)
/usr/lib/gcc/arm-none-eabi/12.2.0/../../../../arm-none-eabi/lib/thumb/v6-m/nofp/libg.a(lib_a-ctype_.o)
                              CMakeFiles/app.dir/usr/share/pico-sdk/lib/tinyusb/src/tusb.c.obj (_ctype_)
/usr/lib/gcc/arm-none-eabi/12.2.0/../../../../arm-none-eabi/lib/thumb/v6-m/nofp/libg.a(lib_a-errno.o)
                              /usr/lib/gcc/arm-none-eabi/12.2.0/../../../../arm-none-eabi/lib/thumb/v6-m/nofp/libg.a(lib_a-callocr.o) (__errno)
/usr/lib/gcc/arm-none-eabi/12.2.0/../../../../arm-none-eabi/lib/thumb/v6-m/nofp/libg.a(lib_a-fini.o)
                              /usr/lib/gcc/arm-none-eabi/12.2.0/../../../../arm-none-eabi/lib/thumb/v6-m/nofp/crt0.o (__libc_fini_array)
/usr/lib/gcc/arm-none-eabi/12.2.0/../../../../arm-none-eabi/lib/thumb/v6-m/nofp/libg.a(lib_a-impure.o)
                              /usr/lib/gcc/arm-none-eabi/12.2.0/../../../../arm-none-eabi/lib/thumb/v6-m/nofp/libg.a(lib_a-calloc.o) (_impure_ptr)
/usr/lib/gcc/arm-none-eabi/12.2.0/../../../../arm-none-eabi/lib/thumb/v6-m/nofp/libg.a(lib_a-init.o)
                              /usr/lib/gcc/arm-none-eabi/12.2.0/../../../../arm-none-eabi/lib/thumb/v6-m/nofp/crt0.o (__libc_init_array)
/usr/lib/gcc/arm-none-eabi/12.2.0/../../../../arm-none-eabi/lib/thumb/v6-m/nofp/libg.a(lib_a-malloc.o)
                              CMakeFiles/app.dir/usr/share/pico-sdk/src/rp2_common/pico_malloc/pico_malloc.c.obj (malloc)
/usr/lib/gcc/arm-none-eabi/12.2.0/../../../../arm-none-eabi/lib/thumb/v6-m/nofp/libg.a(lib_a-mallocr.o)
                              /usr/lib/gcc/arm-none-eabi/12.2.0/../../../../arm-none-eabi/lib/thumb/v6-m/nofp/libg.a(lib_a-callocr.o) (_malloc_r)
/usr/lib/gcc/arm-none-eabi/12.2.0/../../../../arm-none-eabi/lib/thumb/v6-m/nofp/libg.a(lib_a-mlock.o)
                              /usr/lib/gcc/arm-none-eabi/12.2.0/../../../../arm-none-eabi/lib/thumb/v6-m/nofp/libg.a(lib_a-mallocr.o) (__malloc_lock)
/usr/lib/gcc/arm-none-eabi/12.2.0/../../../../arm-none-eabi/lib/thumb/v6-m/nofp/libg.a(lib_a-realloc.o)
                              CMakeFiles/app.dir/usr/share/pico-sdk/src/rp2_common/pico_malloc/pico_malloc.c.obj (realloc)
/usr/lib/gcc/arm-none-eabi/12.2.0/../../../../arm-none-eabi/lib/thumb/v6-m/nofp/libg.a(lib_a-reallocr.o)
                              /usr/lib/gcc/arm-none-eabi/12.2.0/../../../../arm-none-eabi/lib/thumb/v6-m/nofp/libg.a(lib_a-realloc.o) (_realloc_r)
/usr/lib/gcc/arm-none-eabi/12.2.0/../../../../arm-none-eabi/lib/thumb/v6-m/nofp/libg.a(lib_a-sbrkr.o)
                              /usr/lib/gcc/arm-none-eabi/12.2.0/../../../../arm-none-eabi/lib/thumb/v6-m/nofp/libg.a(lib_a-mallocr.o) (_sbrk_r)
/usr/lib/gcc/arm-none-eabi/12.2.0/../../../../arm-none-eabi/lib/thumb/v6-m/nofp/libg.a(lib_a-strlen-stub.o)
                              CMakeFiles/app.dir/usr/share/pico-sdk/src/rp2_common/pico_stdio/stdio.c.obj (strlen)
/usr/lib/gcc/arm-none-eabi/12.2.0/../../../../arm-none-eabi/lib/thumb/v6-m/nofp/libg.a(lib_a-__atexit.o)
                              /usr/lib/gcc/arm-none-eabi/12.2.0/../../../../arm-none-eabi/lib/thumb/v6-m/nofp/libg.a(lib_a-atexit.o) (__register_exitproc)
/usr/lib/gcc/arm-none-eabi/12.2.0/../../../../arm-none-eabi/lib/thumb/v6-m/nofp/libg.a(lib_a-__call_atexit.o)
                              /usr/lib/gcc/arm-none-eabi/12.2.0/../../../../arm-none-eabi/lib/thumb/v6-m/nofp/libg.a(lib_a-__atexit.o) (__atexit_recursive_mutex)
/usr/lib/gcc/arm-none-eabi/12.2.0/../../../../arm-none-eabi/lib/thumb/v6-m/nofp/libg.a(lib_a-freer.o)
                              /usr/lib/gcc/arm-none-eabi/12.2.0/../../../../arm-none-eabi/lib/thumb/v6-m/nofp/libg.a(lib_a-malloc.o) (_free_r)
/usr/lib/gcc/arm-none-eabi/12.2.0/../../../../arm-none-eabi/lib/thumb/v6-m/nofp/libg.a(lib_a-lock.o)
                              /usr/lib/gcc/arm-none-eabi/12.2.0/../../../../arm-none-eabi/lib/thumb/v6-m/nofp/libg.a(lib_a-mlock.o) (__retarget_lock_acquire_recursive)
/usr/lib/gcc/arm-none-eabi/12.2.0/../../../../arm-none-eabi/lib/thumb/v6-m/nofp/libg.a(lib_a-memmove.o)
[...]
Memory Configuration

Name             Origin             Length             Attributes
FLASH            0x0000000010000000 0x0000000000200000 xr
RAM              0x0000000020000000 0x0000000000040000 xrw
SCRATCH_X        0x0000000020040000 0x0000000000001000 xrw
SCRATCH_Y        0x0000000020041000 0x0000000000001000 xrw
*default*        0x0000000000000000 0xffffffffffffffff

Linker script and memory map

LOAD /usr/lib/gcc/arm-none-eabi/12.2.0/thumb/v6-m/nofp/crti.o
LOAD /usr/lib/gcc/arm-none-eabi/12.2.0/thumb/v6-m/nofp/crtbegin.o
LOAD /usr/lib/gcc/arm-none-eabi/12.2.0/../../../../arm-none-eabi/lib/thumb/v6-m/nofp/crt0.o

.flash_begin    0x0000000010000000        0x0
                0x0000000010000000                __flash_binary_start = .

.boot2          0x0000000010000000      0x100
                0x0000000010000000                __boot2_start__ = .
 *(.boot2)
 .boot2         0x0000000010000000      0x100 /tmp/ccCmqQeI.o
                0x0000000010000100                __boot2_end__ = .
                0x0000000000000001                ASSERT (((__boot2_end__ - __boot2_start__) == 0x100), ERROR: Pico second stage bootloader must be 256 bytes in size)

.text           0x0000000010000100     0x7a08
                0x0000000010000100                __logical_binary_start = .
 *(.vectors)
 .vectors       0x0000000010000100       0xd4 CMakeFiles/app.dir/usr/share/pico-sdk/src/rp2_common/pico_standard_link/crt0.S.obj
                0x0000000010000100                __vectors
                0x0000000010000100                __VECTOR_TABLE
                0x00000000100001c0                isr_invalid
                0x00000000100001c0                __default_isrs_start
                0x00000000100001c2                isr_nmi
                0x00000000100001c4                isr_hardfault
                0x00000000100001c6                isr_svcall
                0x00000000100001c8                isr_pendsv
                0x00000000100001ca                isr_systick
                0x00000000100001cc                isr_irq30
                0x00000000100001cc                __unhandled_user_irq
                0x00000000100001cc                isr_irq13
                0x00000000100001cc                isr_irq27
                0x00000000100001cc                isr_irq31
                0x00000000100001cc                isr_irq5
                0x00000000100001cc                isr_irq11
                0x00000000100001cc                isr_irq23
                0x00000000100001cc                isr_irq18
                0x00000000100001cc                isr_irq28
                0x00000000100001cc                isr_irq19
                0x00000000100001cc                isr_irq0
                0x00000000100001cc                isr_irq6
                0x00000000100001cc                isr_irq22
                0x00000000100001cc                isr_irq17
                0x00000000100001cc                isr_irq14
                0x00000000100001cc                isr_irq2
                0x00000000100001cc                isr_irq10
                0x00000000100001cc                isr_irq8
                0x00000000100001cc                isr_irq24
                0x00000000100001cc                isr_irq1
                0x00000000100001cc                isr_irq7
                0x00000000100001cc                isr_irq21
                0x00000000100001cc                isr_irq20
                0x00000000100001cc                isr_irq15
                0x00000000100001cc                isr_irq25
                0x00000000100001cc                isr_irq4
                0x00000000100001cc                isr_irq16
                0x00000000100001cc                isr_irq29
                0x00000000100001cc                isr_irq26
                0x00000000100001cc                __default_isrs_end
                0x00000000100001cc                isr_irq3
                0x00000000100001cc                isr_irq12
                0x00000000100001cc                isr_irq9
                0x00000000100001d2                unhandled_user_irq_num_in_r0
 *(.binary_info_header)
 .binary_info_header
                0x00000000100001d4       0x14 CMakeFiles/app.dir/usr/share/pico-sdk/src/rp2_common/pico_standard_link/crt0.S.obj
                0x00000000100001e8                __binary_info_header_end = .
 *(.reset)
 .reset         0x00000000100001e8       0xa8 CMakeFiles/app.dir/usr/share/pico-sdk/src/rp2_common/pico_standard_link/crt0.S.obj
                0x00000000100001e8                _entry_point
                0x0000000010000266                __get_current_exception
 .reset         0x0000000010000290       0x30 CMakeFiles/app.dir/usr/share/pico-sdk/src/rp2_common/pico_standard_link/binary_info.c.obj
 *(.init)
 .init          0x00000000100002c0        0x4 /usr/lib/gcc/arm-none-eabi/12.2.0/thumb/v6-m/nofp/crti.o
                0x00000000100002c0                _init
 *(EXCLUDE_FILE(*libm.a: *libc.a:*lib_a-mem*.o *libgcc.a:) .text*)
 .text.frame_dummy
                0x00000000100002c4       0x20 /usr/lib/gcc/arm-none-eabi/12.2.0/thumb/v6-m/nofp/crtbegin.o
 .text._Z17Si5351a_Write_Reghh
                0x00000000100002e4       0x3c CMakeFiles/app.dir/si5351.cpp.obj
                0x00000000100002e4                Si5351a_Write_Reg(unsigned char, unsigned char)
 .text._Z5TX_ONv
                0x0000000010000320       0x14 CMakeFiles/app.dir/si5351.cpp.obj
                0x0000000010000320                TX_ON()
 .text._Z6TX_OFFv
                0x0000000010000334       0x14 CMakeFiles/app.dir/si5351.cpp.obj
                0x0000000010000334                TX_OFF()
 .text._Z12SetFrequencym
                0x0000000010000348      0x1c0 CMakeFiles/app.dir/si5351.cpp.obj
                0x0000000010000348                SetFrequency(unsigned long)
 .text._Z11SetParkModev
                0x0000000010000508       0x84 CMakeFiles/app.dir/si5351.cpp.obj
                0x0000000010000508                SetParkMode()
 .text._Z8SetPowerh
                0x000000001000058c       0x44 CMakeFiles/app.dir/si5351.cpp.obj
                0x000000001000058c                SetPower(unsigned char)
 .text.adc_gpio_init
                0x00000000100005d0       0x1e CMakeFiles/app.dir/usdxpico.cpp.obj
 .text._Z7arctan3ss
                0x00000000100005ee       0x7a CMakeFiles/app.dir/usdxpico.cpp.obj
                0x00000000100005ee                arctan3(short, short)
 .text._Z4_voxb
                0x0000000010000668       0x30 CMakeFiles/app.dir/usdxpico.cpp.obj
                0x0000000010000668                _vox(bool)
 .text._Z3ssbs  0x0000000010000698      0x1cc CMakeFiles/app.dir/usdxpico.cpp.obj
                0x0000000010000698                ssb(short)
 .text._Z10dsp_tx_ssbv
                0x0000000010000864       0x24 CMakeFiles/app.dir/usdxpico.cpp.obj
                0x0000000010000864                dsp_tx_ssb()
 .text.main     0x0000000010000888      0x14c CMakeFiles/app.dir/usdxpico.cpp.obj
                0x0000000010000888                main
 .text.gpio_set_function
                0x00000000100009d4       0x30 CMakeFiles/app.dir/usr/share/pico-sdk/src/rp2_common/hardware_gpio/gpio.c.obj
                0x00000000100009d4                gpio_set_function
 .text.gpio_set_pulls
                0x0000000010000a04       0x34 CMakeFiles/app.dir/usr/share/pico-sdk/src/rp2_common/hardware_gpio/gpio.c.obj
                0x0000000010000a04                gpio_set_pulls
 .text.gpio_set_input_enabled
                0x0000000010000a38       0x30 CMakeFiles/app.dir/usr/share/pico-sdk/src/rp2_common/hardware_gpio/gpio.c.obj
                0x0000000010000a38                gpio_set_input_enabled
 .text.gpio_init
                0x0000000010000a68       0x16 CMakeFiles/app.dir/usr/share/pico-sdk/src/rp2_common/hardware_gpio/gpio.c.obj
                0x0000000010000a68                gpio_init
 *fill*         0x0000000010000a7e        0x2 
 .text.hw_claim_lock
                0x0000000010000a80       0x18 CMakeFiles/app.dir/usr/share/pico-sdk/src/rp2_common/hardware_claim/claim.c.obj
                0x0000000010000a80                hw_claim_lock
 .text.hw_claim_unlock
                0x0000000010000a98       0x14 CMakeFiles/app.dir/usr/share/pico-sdk/src/rp2_common/hardware_claim/claim.c.obj
                0x0000000010000a98                hw_claim_unlock
 .text.hw_claim_or_assert
                0x0000000010000aac       0x32 CMakeFiles/app.dir/usr/share/pico-sdk/src/rp2_common/hardware_claim/claim.c.obj
                0x0000000010000aac                hw_claim_or_assert
 .text.hw_claim_unused_from_range
                0x0000000010000ade       0x50 CMakeFiles/app.dir/usr/share/pico-sdk/src/rp2_common/hardware_claim/claim.c.obj
                0x0000000010000ade                hw_claim_unused_from_range
 *fill*         0x0000000010000b2e        0x2 
 .text.running_on_fpga
                0x0000000010000b30       0x14 CMakeFiles/app.dir/usr/share/pico-sdk/src/rp2_common/pico_platform/platform.c.obj
                0x0000000010000b30                running_on_fpga
 .text.spin_locks_reset
                0x0000000010000b44       0x20 CMakeFiles/app.dir/usr/share/pico-sdk/src/rp2_common/hardware_sync/sync.c.obj
                0x0000000010000b44                spin_locks_reset
 .text.next_striped_spin_lock_num
                0x0000000010000b64       0x1c CMakeFiles/app.dir/usr/share/pico-sdk/src/rp2_common/hardware_sync/sync.c.obj
                0x0000000010000b64                next_striped_spin_lock_num
 .text.spin_lock_claim_unused
                0x0000000010000b80       0x24 CMakeFiles/app.dir/usr/share/pico-sdk/src/rp2_common/hardware_sync/sync.c.obj
                0x0000000010000b80                spin_lock_claim_unused
 .text.set_raw_irq_handler_and_unlock
                0x0000000010000ba4       0x28 CMakeFiles/app.dir/usr/share/pico-sdk/src/rp2_common/hardware_irq/irq.c.obj
 .text.resolve_branch
                0x0000000010000bcc       0x30 CMakeFiles/app.dir/usr/share/pico-sdk/src/rp2_common/hardware_irq/irq.c.obj
 .text.make_branch
                0x0000000010000bfc       0x48 CMakeFiles/app.dir/usr/share/pico-sdk/src/rp2_common/hardware_irq/irq.c.obj
 .text.insert_branch_and_link
                0x0000000010000c44       0x40 CMakeFiles/app.dir/usr/share/pico-sdk/src/rp2_common/hardware_irq/irq.c.obj
 .text.irq_is_enabled
                0x0000000010000c84       0x18 CMakeFiles/app.dir/usr/share/pico-sdk/src/rp2_common/hardware_irq/irq.c.obj
                0x0000000010000c84                irq_is_enabled
 .text.irq_set_mask_enabled
                0x0000000010000c9c       0x20 CMakeFiles/app.dir/usr/share/pico-sdk/src/rp2_common/hardware_irq/irq.c.obj
                0x0000000010000c9c                irq_set_mask_enabled
 .text.irq_set_enabled
                0x0000000010000cbc        0xe CMakeFiles/app.dir/usr/share/pico-sdk/src/rp2_common/hardware_irq/irq.c.obj
                0x0000000010000cbc                irq_set_enabled
 *fill*         0x0000000010000cca        0x2 
 .text.irq_set_pending
                0x0000000010000ccc       0x10 CMakeFiles/app.dir/usr/share/pico-sdk/src/rp2_common/hardware_irq/irq.c.obj
                0x0000000010000ccc                irq_set_pending
 .text.irq_get_vtable_handler
                0x0000000010000cdc       0x10 CMakeFiles/app.dir/usr/share/pico-sdk/src/rp2_common/hardware_irq/irq.c.obj
                0x0000000010000cdc                irq_get_vtable_handler
 .text.irq_has_shared_handler
                0x0000000010000cec       0x24 CMakeFiles/app.dir/usr/share/pico-sdk/src/rp2_common/hardware_irq/irq.c.obj
                0x0000000010000cec                irq_has_shared_handler
 .text.irq_set_exclusive_handler
                0x0000000010000d10       0x54 CMakeFiles/app.dir/usr/share/pico-sdk/src/rp2_common/hardware_irq/irq.c.obj
                0x0000000010000d10                irq_set_exclusive_handler
 .text.irq_add_shared_handler
                0x0000000010000d64      0x210 CMakeFiles/app.dir/usr/share/pico-sdk/src/rp2_common/hardware_irq/irq.c.obj
                0x0000000010000d64                irq_add_shared_handler
 .text.irq_remove_handler
                0x0000000010000f74      0x188 CMakeFiles/app.dir/usr/share/pico-sdk/src/rp2_common/hardware_irq/irq.c.obj
                0x0000000010000f74                irq_remove_handler
 .text.irq_add_tail_to_free_list
                0x00000000100010fc       0xf0 CMakeFiles/app.dir/usr/share/pico-sdk/src/rp2_common/hardware_irq/irq.c.obj
                0x00000000100010fc                irq_add_tail_to_free_list
 .text.irq_init_priorities
                0x00000000100011ec       0x1c CMakeFiles/app.dir/usr/share/pico-sdk/src/rp2_common/hardware_irq/irq.c.obj
                0x00000000100011ec                irq_init_priorities
 .text.user_irq_claim_unused
                0x0000000010001208       0x30 CMakeFiles/app.dir/usr/share/pico-sdk/src/rp2_common/hardware_irq/irq.c.obj
                0x0000000010001208                user_irq_claim_unused
 .text.lock_init
                0x0000000010001238       0x10 CMakeFiles/app.dir/usr/share/pico-sdk/src/common/pico_sync/lock_core.c.obj
                0x0000000010001238                lock_init
 .text.time_reached
                0x0000000010001248       0x28 CMakeFiles/app.dir/usr/share/pico-sdk/src/common/pico_time/time.c.obj
 .text.get_entry
                0x0000000010001270       0x38 CMakeFiles/app.dir/usr/share/pico-sdk/src/common/pico_time/time.c.obj
 .text.timer_pool_entry_comparator
                0x00000000100012a8       0x2e CMakeFiles/app.dir/usr/share/pico-sdk/src/common/pico_time/time.c.obj
                0x00000000100012a8                timer_pool_entry_comparator
 *fill*         0x00000000100012d6        0x2 
 .text.update_us_since_boot
                0x00000000100012d8       0x24 CMakeFiles/app.dir/usr/share/pico-sdk/src/common/pico_time/time.c.obj
 .text.delayed_by_us
                0x00000000100012fc       0x36 CMakeFiles/app.dir/usr/share/pico-sdk/src/common/pico_time/time.c.obj
 *fill*         0x0000000010001332        0x2 
 .text.ph_get_node
                0x0000000010001334       0x30 CMakeFiles/app.dir/usr/share/pico-sdk/src/common/pico_time/time.c.obj
 .text.ph_contains_node
                0x0000000010001364       0x1e CMakeFiles/app.dir/usr/share/pico-sdk/src/common/pico_time/time.c.obj
 .text.ph_new_node
                0x0000000010001382       0x28 CMakeFiles/app.dir/usr/share/pico-sdk/src/common/pico_time/time.c.obj
 *fill*         0x00000000100013aa        0x2 
 .text.ph_add_child_node
                0x00000000100013ac       0x6c CMakeFiles/app.dir/usr/share/pico-sdk/src/common/pico_time/time.c.obj
 .text.ph_merge_nodes
                0x0000000010001418       0x3e CMakeFiles/app.dir/usr/share/pico-sdk/src/common/pico_time/time.c.obj
 *fill*         0x0000000010001456        0x2 
 .text.ph_insert_node
                0x0000000010001458       0x3c CMakeFiles/app.dir/usr/share/pico-sdk/src/common/pico_time/time.c.obj
 .text.ph_free_node
                0x0000000010001494       0x3c CMakeFiles/app.dir/usr/share/pico-sdk/src/common/pico_time/time.c.obj
 .text.get_entry_id_high
                0x00000000100014d0       0x30 CMakeFiles/app.dir/usr/share/pico-sdk/src/common/pico_time/time.c.obj
 .text.alarm_pool_post_alloc_init
                0x0000000010001500       0x40 CMakeFiles/app.dir/usr/share/pico-sdk/src/common/pico_time/time.c.obj
 .text.sleep_until_callback
                0x0000000010001540       0x30 CMakeFiles/app.dir/usr/share/pico-sdk/src/common/pico_time/time.c.obj
 .text.get_absolute_time
                0x0000000010001570       0x22 CMakeFiles/app.dir/usr/share/pico-sdk/src/common/pico_time/time.c.obj
 *fill*         0x0000000010001592        0x2 
 .text.add_alarm_under_lock
                0x0000000010001594       0x94 CMakeFiles/app.dir/usr/share/pico-sdk/src/common/pico_time/time.c.obj
 .text.alarm_pool_alarm_callback
                0x0000000010001628      0x20c CMakeFiles/app.dir/usr/share/pico-sdk/src/common/pico_time/time.c.obj
 .text.alarm_pool_init_default
                0x0000000010001834       0x38 CMakeFiles/app.dir/usr/share/pico-sdk/src/common/pico_time/time.c.obj
                0x0000000010001834                alarm_pool_init_default
 .text.alarm_pool_get_default
                0x000000001000186c       0x2c CMakeFiles/app.dir/usr/share/pico-sdk/src/common/pico_time/time.c.obj
                0x000000001000186c                alarm_pool_get_default
 .text.alarm_pool_add_alarm_at
                0x0000000010001898      0x10e CMakeFiles/app.dir/usr/share/pico-sdk/src/common/pico_time/time.c.obj
                0x0000000010001898                alarm_pool_add_alarm_at
 .text.add_alarm_at
                0x00000000100019a6       0x2e CMakeFiles/app.dir/usr/share/pico-sdk/src/common/pico_time/time.c.obj
 .text.alarm_pool_cancel_alarm
                0x00000000100019d4       0xa0 CMakeFiles/app.dir/usr/share/pico-sdk/src/common/pico_time/time.c.obj
                0x00000000100019d4                alarm_pool_cancel_alarm
 .text.cancel_alarm
                0x0000000010001a74       0x10 CMakeFiles/app.dir/usr/share/pico-sdk/src/common/pico_time/time.c.obj
 .text.best_effort_wfe_or_timeout
                0x0000000010001a84       0x38 CMakeFiles/app.dir/usr/share/pico-sdk/src/common/pico_time/time.c.obj
                0x0000000010001a84                best_effort_wfe_or_timeout
 .text.hardware_alarm_irq_handler
                0x0000000010001abc       0x88 CMakeFiles/app.dir/usr/share/pico-sdk/src/rp2_common/hardware_timer/timer.c.obj
 .text.hardware_alarm_claim
                0x0000000010001b44       0x18 CMakeFiles/app.dir/usr/share/pico-sdk/src/rp2_common/hardware_timer/timer.c.obj
                0x0000000010001b44                hardware_alarm_claim
 .text.time_us_64
                0x0000000010001b5c       0x18 CMakeFiles/app.dir/usr/share/pico-sdk/src/rp2_common/hardware_timer/timer.c.obj
                0x0000000010001b5c                time_us_64
 .text.hardware_alarm_set_callback
                0x0000000010001b74       0x90 CMakeFiles/app.dir/usr/share/pico-sdk/src/rp2_common/hardware_timer/timer.c.obj
                0x0000000010001b74                hardware_alarm_set_callback
 .text.hardware_alarm_set_target
                0x0000000010001c04       0xe8 CMakeFiles/app.dir/usr/share/pico-sdk/src/rp2_common/hardware_timer/timer.c.obj
                0x0000000010001c04                hardware_alarm_set_target
 .text.hardware_alarm_cancel
                0x0000000010001cec       0x40 CMakeFiles/app.dir/usr/share/pico-sdk/src/rp2_common/hardware_timer/timer.c.obj
                0x0000000010001cec                hardware_alarm_cancel
 .text.ph_get_node
                0x0000000010001d2c       0x30 CMakeFiles/app.dir/usr/share/pico-sdk/src/common/pico_util/pheap.c.obj
 .text.ph_add_child_node
                0x0000000010001d5c       0x6c CMakeFiles/app.dir/usr/share/pico-sdk/src/common/pico_util/pheap.c.obj
 .text.ph_merge_nodes
                0x0000000010001dc8       0x3e CMakeFiles/app.dir/usr/share/pico-sdk/src/common/pico_util/pheap.c.obj
 .text.ph_clear
                0x0000000010001e06       0x34 CMakeFiles/app.dir/usr/share/pico-sdk/src/common/pico_util/pheap.c.obj
                0x0000000010001e06                ph_clear
 .text.ph_post_alloc_init
                0x0000000010001e3a        0xe CMakeFiles/app.dir/usr/share/pico-sdk/src/common/pico_util/pheap.c.obj
                0x0000000010001e3a                ph_post_alloc_init
 .text.ph_merge_two_pass
                0x0000000010001e48       0x5c CMakeFiles/app.dir/usr/share/pico-sdk/src/common/pico_util/pheap.c.obj
                0x0000000010001e48                ph_merge_two_pass
 .text.ph_remove_any_head
                0x0000000010001ea4       0xa4 CMakeFiles/app.dir/usr/share/pico-sdk/src/common/pico_util/pheap.c.obj
 .text.ph_remove_head
                0x0000000010001f48       0x14 CMakeFiles/app.dir/usr/share/pico-sdk/src/common/pico_util/pheap.c.obj
                0x0000000010001f48                ph_remove_head
 .text.ph_remove_and_free_node
                0x0000000010001f5c       0xa0 CMakeFiles/app.dir/usr/share/pico-sdk/src/common/pico_util/pheap.c.obj
                0x0000000010001f5c                ph_remove_and_free_node
 .text.update_us_since_boot
                0x0000000010001ffc       0x24 CMakeFiles/app.dir/usr/share/pico-sdk/src/common/pico_sync/mutex.c.obj
 .text.delayed_by_ms
                0x0000000010002020       0x46 CMakeFiles/app.dir/usr/share/pico-sdk/src/common/pico_sync/mutex.c.obj
 .text.get_absolute_time
                0x0000000010002066       0x22 CMakeFiles/app.dir/usr/share/pico-sdk/src/common/pico_sync/mutex.c.obj
 .text.make_timeout_time_ms
                0x0000000010002088       0x20 CMakeFiles/app.dir/usr/share/pico-sdk/src/common/pico_sync/mutex.c.obj
 .text.mutex_init
                0x00000000100020a8       0x1a CMakeFiles/app.dir/usr/share/pico-sdk/src/common/pico_sync/mutex.c.obj
                0x00000000100020a8                mutex_init
 .text.recursive_mutex_init
                0x00000000100020c2       0x1e CMakeFiles/app.dir/usr/share/pico-sdk/src/common/pico_sync/mutex.c.obj
                0x00000000100020c2                recursive_mutex_init
 .text.critical_section_init_with_lock_num
                0x00000000100020e0       0x14 CMakeFiles/app.dir/usr/share/pico-sdk/src/common/pico_sync/critical_section.c.obj
                0x00000000100020e0                critical_section_init_with_lock_num
 .text.critical_section_init
                0x00000000100020f4       0x14 CMakeFiles/app.dir/usr/share/pico-sdk/src/common/pico_sync/critical_section.c.obj
                0x00000000100020f4                critical_section_init
 .text._exit    0x0000000010002108        0x4 CMakeFiles/app.dir/usr/share/pico-sdk/src/rp2_common/pico_runtime/runtime.c.obj
                0x0000000010002108                _exit
 .text.exit     0x000000001000210c        0x6 CMakeFiles/app.dir/usr/share/pico-sdk/src/rp2_common/pico_runtime/runtime.c.obj
                0x000000001000210c                exit
 *fill*         0x0000000010002112        0x2 
 .text.__assert_func
                0x0000000010002114       0x38 CMakeFiles/app.dir/usr/share/pico-sdk/src/rp2_common/pico_runtime/runtime.c.obj
                0x0000000010002114                __assert_func
 .text.runtime_init
                0x000000001000214c       0xf8 CMakeFiles/app.dir/usr/share/pico-sdk/src/rp2_common/pico_runtime/runtime.c.obj
                0x000000001000214c                runtime_init
 .text.panic    0x0000000010002244       0x30 CMakeFiles/app.dir/usr/share/pico-sdk/src/rp2_common/pico_runtime/runtime.c.obj
                0x0000000010002244                panic
 .text.clock_configure
                0x0000000010002274      0x104 CMakeFiles/app.dir/usr/share/pico-sdk/src/rp2_common/hardware_clocks/clocks.c.obj
                0x0000000010002274                clock_configure
 .text.clocks_init
                0x0000000010002378      0x100 CMakeFiles/app.dir/usr/share/pico-sdk/src/rp2_common/hardware_clocks/clocks.c.obj
                0x0000000010002378                clocks_init
 .text.clock_get_hz
                0x0000000010002478        0xc CMakeFiles/app.dir/usr/share/pico-sdk/src/rp2_common/hardware_clocks/clocks.c.obj
                0x0000000010002478                clock_get_hz
 .text.pll_init
                0x0000000010002484      0x140 CMakeFiles/app.dir/usr/share/pico-sdk/src/rp2_common/hardware_pll/pll.c.obj
                0x0000000010002484                pll_init
 .text.watchdog_start_tick
                0x00000000100025c4       0x10 CMakeFiles/app.dir/usr/share/pico-sdk/src/rp2_common/hardware_watchdog/watchdog.c.obj
                0x00000000100025c4                watchdog_start_tick
 .text.watchdog_update
                0x00000000100025d4       0x14 CMakeFiles/app.dir/usr/share/pico-sdk/src/rp2_common/hardware_watchdog/watchdog.c.obj
                0x00000000100025d4                watchdog_update
 .text._watchdog_enable
                0x00000000100025e8       0x78 CMakeFiles/app.dir/usr/share/pico-sdk/src/rp2_common/hardware_watchdog/watchdog.c.obj
                0x00000000100025e8                _watchdog_enable
 .text.watchdog_reboot
                0x0000000010002660       0x48 CMakeFiles/app.dir/usr/share/pico-sdk/src/rp2_common/hardware_watchdog/watchdog.c.obj
                0x0000000010002660                watchdog_reboot
 .text.xosc_init
                0x00000000100026a8       0x28 CMakeFiles/app.dir/usr/share/pico-sdk/src/rp2_common/hardware_xosc/xosc.c.obj
                0x00000000100026a8                xosc_init
 .text._out_null
                0x00000000100026d0        0x2 CMakeFiles/app.dir/usr/share/pico-sdk/src/rp2_common/pico_printf/printf.c.obj
 .text._out_fct
                0x00000000100026d2        0xe CMakeFiles/app.dir/usr/share/pico-sdk/src/rp2_common/pico_printf/printf.c.obj
 .text._atoi    0x00000000100026e0       0x24 CMakeFiles/app.dir/usr/share/pico-sdk/src/rp2_common/pico_printf/printf.c.obj
 .text._out_rev
                0x0000000010002704       0xae CMakeFiles/app.dir/usr/share/pico-sdk/src/rp2_common/pico_printf/printf.c.obj
 .text._ntoa_format
                0x00000000100027b2      0x110 CMakeFiles/app.dir/usr/share/pico-sdk/src/rp2_common/pico_printf/printf.c.obj
 .text._ntoa_long
                0x00000000100028c2       0xbc CMakeFiles/app.dir/usr/share/pico-sdk/src/rp2_common/pico_printf/printf.c.obj
 .text._ntoa_long_long
                0x000000001000297e      0x10e CMakeFiles/app.dir/usr/share/pico-sdk/src/rp2_common/pico_printf/printf.c.obj
 .text._etoa    0x0000000010002a8c      0x420 CMakeFiles/app.dir/usr/share/pico-sdk/src/rp2_common/pico_printf/printf.c.obj
 .text._ftoa    0x0000000010002eac      0x354 CMakeFiles/app.dir/usr/share/pico-sdk/src/rp2_common/pico_printf/printf.c.obj
 .text._vsnprintf
                0x0000000010003200      0x65c CMakeFiles/app.dir/usr/share/pico-sdk/src/rp2_common/pico_printf/printf.c.obj
 .text.vfctprintf
                0x000000001000385c       0x20 CMakeFiles/app.dir/usr/share/pico-sdk/src/rp2_common/pico_printf/printf.c.obj
                0x000000001000385c                vfctprintf
 .text          0x000000001000387c       0x10 CMakeFiles/app.dir/usr/share/pico-sdk/src/rp2_common/pico_bit_ops/bit_ops_aeabi.S.obj
 .text.rom_func_lookup
                0x000000001000388c       0x10 CMakeFiles/app.dir/usr/share/pico-sdk/src/rp2_common/pico_bootrom/bootrom.c.obj
                0x000000001000388c                rom_func_lookup
 .text.rom_data_lookup
                0x000000001000389c       0x10 CMakeFiles/app.dir/usr/share/pico-sdk/src/rp2_common/pico_bootrom/bootrom.c.obj
                0x000000001000389c                rom_data_lookup
 .text.rom_funcs_lookup
                0x00000000100038ac       0x36 CMakeFiles/app.dir/usr/share/pico-sdk/src/rp2_common/pico_bootrom/bootrom.c.obj
                0x00000000100038ac                rom_funcs_lookup
 *fill*         0x00000000100038e2        0x2 
 .text.__wrap___aeabi_idiv
                0x00000000100038e4       0x50 CMakeFiles/app.dir/usr/share/pico-sdk/src/rp2_common/pico_divider/divider.S.obj
                0x00000000100038e4                __wrap___aeabi_idivmod
                0x00000000100038e4                divmod_s32s32
                0x00000000100038e4                div_s32s32
                0x00000000100038e4                __wrap___aeabi_idiv
                0x00000000100038ec                divmod_s32s32_unsafe
                0x0000000010003918                divmod_s32s32_savestate
 .text.__wrap___aeabi_uidiv
                0x0000000010003934       0x4c CMakeFiles/app.dir/usr/share/pico-sdk/src/rp2_common/pico_divider/divider.S.obj
                0x0000000010003934                __wrap___aeabi_uidiv
                0x0000000010003934                __wrap___aeabi_uidivmod
                0x0000000010003934                div_u32u32
                0x0000000010003934                divmod_u32u32
                0x000000001000393c                divmod_u32u32_unsafe
                0x0000000010003964                divmod_u32u32_savestate
 .text.__wrap___aeabi_ldiv
                0x0000000010003980      0x434 CMakeFiles/app.dir/usr/share/pico-sdk/src/rp2_common/pico_divider/divider.S.obj
                0x0000000010003980                div_s64s64
                0x0000000010003980                divmod_s64s64
                0x0000000010003980                __wrap___aeabi_ldivmod
                0x00000000100039b8                div_u64u64
                0x00000000100039b8                divmod_u64u64
                0x00000000100039b8                __wrap___aeabi_uldivmod
                0x00000000100039c8                divmod_u64u64_savestate
                0x00000000100039f0                divmod_s64s64_unsafe
                0x0000000010003a78                divmod_u64u64_unsafe
 .text.__wrap___aeabi_darithmetic
                0x0000000010003db4       0x80 CMakeFiles/app.dir/usr/share/pico-sdk/src/rp2_common/pico_double/double_aeabi.S.obj
                0x0000000010003db4                __wrap___aeabi_drsub
                0x0000000010003dba                __wrap___aeabi_dsub
                0x0000000010003dcc                __wrap___aeabi_dadd
                0x0000000010003dde                __wrap___aeabi_ddiv
                0x0000000010003e1a                __wrap___aeabi_dmul
 .text.__wrap___aeabi_cdcmple
                0x0000000010003e34       0x6c CMakeFiles/app.dir/usr/share/pico-sdk/src/rp2_common/pico_double/double_aeabi.S.obj
                0x0000000010003e34                __wrap___aeabi_cdrcmple
                0x0000000010003e44                __wrap___aeabi_cdcmple
                0x0000000010003e44                __wrap___aeabi_cdcmpeq
 .text.__wrap___aeabi_dcmplt
                0x0000000010003ea0        0xc CMakeFiles/app.dir/usr/share/pico-sdk/src/rp2_common/pico_double/double_aeabi.S.obj
                0x0000000010003ea0                __wrap___aeabi_dcmplt
 .text.__wrap___aeabi_dcmple
                0x0000000010003eac       0x10 CMakeFiles/app.dir/usr/share/pico-sdk/src/rp2_common/pico_double/double_aeabi.S.obj
                0x0000000010003eac                __wrap___aeabi_dcmple
 .text.__wrap___aeabi_dcmpge
                0x0000000010003ebc       0x10 CMakeFiles/app.dir/usr/share/pico-sdk/src/rp2_common/pico_double/double_aeabi.S.obj
                0x0000000010003ebc                __wrap___aeabi_dcmpge
 .text.__wrap___aeabi_dcmpgt
                0x0000000010003ecc        0xa CMakeFiles/app.dir/usr/share/pico-sdk/src/rp2_common/pico_double/double_aeabi.S.obj
                0x0000000010003ecc                __wrap___aeabi_dcmpgt
 .text.__wrap___aeabi_dcmpun
                0x0000000010003ed6       0x1c CMakeFiles/app.dir/usr/share/pico-sdk/src/rp2_common/pico_double/double_aeabi.S.obj
                0x0000000010003ed6                __wrap___aeabi_dcmpun
 *fill*         0x0000000010003ef2        0x2 
 .text.__wrap___aeabi_i2d
                0x0000000010003ef4       0x38 CMakeFiles/app.dir/usr/share/pico-sdk/src/rp2_common/pico_double/double_aeabi.S.obj
                0x0000000010003ef4                __wrap___aeabi_ui2d
                0x0000000010003efc                __wrap___aeabi_i2d
 .text.__wrap___aeabi_d2iz
                0x0000000010003f2c       0x48 CMakeFiles/app.dir/usr/share/pico-sdk/src/rp2_common/pico_double/double_aeabi.S.obj
                0x0000000010003f2c                __wrap___aeabi_d2iz
                0x0000000010003f2c                double2int_z
 .text.__wrap___aeabi_d2uiz
                0x0000000010003f74       0x18 CMakeFiles/app.dir/usr/share/pico-sdk/src/rp2_common/pico_double/double_aeabi.S.obj
                0x0000000010003f74                double2uint
                0x0000000010003f74                __wrap___aeabi_d2uiz
 .text.__aeabi_double_init
                0x0000000010003f8c       0xcc CMakeFiles/app.dir/usr/share/pico-sdk/src/rp2_common/pico_double/double_init_rom.c.obj
                0x0000000010003f8c                __aeabi_double_init
 .text.double_table_shim_on_use_helper
                0x0000000010004058       0x34 CMakeFiles/app.dir/usr/share/pico-sdk/src/rp2_common/pico_double/double_v1_rom_shim.S.obj
                0x0000000010004058                double_table_shim_on_use_helper
 .text.__wrap___aeabi_dsub
                0x000000001000408c       0x10 CMakeFiles/app.dir/usr/share/pico-sdk/src/rp2_common/pico_double/double_v1_rom_shim.S.obj
                0x000000001000408c                drsub_shim
                0x0000000010004092                dsub_shim
 .text.dadd_shim
                0x000000001000409c      0x15c CMakeFiles/app.dir/usr/share/pico-sdk/src/rp2_common/pico_double/double_v1_rom_shim.S.obj
                0x000000001000409c                dadd_shim
 .text.dmul_shim
                0x00000000100041f8      0x15c CMakeFiles/app.dir/usr/share/pico-sdk/src/rp2_common/pico_double/double_v1_rom_shim.S.obj
                0x00000000100041f8                dmul_shim
 .text.ddiv_shim
                0x0000000010004354      0x1b0 CMakeFiles/app.dir/usr/share/pico-sdk/src/rp2_common/pico_double/double_v1_rom_shim.S.obj
                0x0000000010004354                ddiv_shim
 .text.double2uint_shim
                0x0000000010004504        0xe CMakeFiles/app.dir/usr/share/pico-sdk/src/rp2_common/pico_double/double_v1_rom_shim.S.obj
                0x0000000010004504                double2uint_shim
                0x0000000010004506                double2ufix_shim
 *fill*         0x0000000010004512        0x2 
 .text.double2uint64_shim
                0x0000000010004514       0x70 CMakeFiles/app.dir/usr/share/pico-sdk/src/rp2_common/pico_double/double_v1_rom_shim.S.obj
                0x0000000010004514                double2uint64_shim
                0x0000000010004516                double2ufix64_shim
                0x0000000010004536                d2fix_a
 .text.dunpacks
                0x0000000010004584       0x3c CMakeFiles/app.dir/usr/share/pico-sdk/src/rp2_common/pico_double/double_v1_rom_shim.S.obj
                0x0000000010004584                dunpacks
 .text.__aeabi_lmul
                0x00000000100045c0       0x32 CMakeFiles/app.dir/usr/share/pico-sdk/src/rp2_common/pico_int64_ops/pico_int64_ops_aeabi.S.obj
                0x00000000100045c0                __wrap___aeabi_lmul
 *fill*         0x00000000100045f2        0x2 
 .text.__wrap___aeabi_farithmetic
                0x00000000100045f4       0x58 CMakeFiles/app.dir/usr/share/pico-sdk/src/rp2_common/pico_float/float_aeabi.S.obj
                0x00000000100045f4                __wrap___aeabi_frsub
                0x00000000100045fa                __wrap___aeabi_fsub
                0x0000000010004604                __wrap___aeabi_fadd
                0x000000001000460e                __wrap___aeabi_fdiv
                0x000000001000463a                __wrap___aeabi_fmul
 .text.__wrap___aeabi_ui2f
                0x000000001000464c        0xa CMakeFiles/app.dir/usr/share/pico-sdk/src/rp2_common/pico_float/float_aeabi.S.obj
                0x000000001000464c                __wrap___aeabi_ui2f
 *fill*         0x0000000010004656        0x2 
 .text.__wrap___aeabi_i2f
                0x0000000010004658       0x44 CMakeFiles/app.dir/usr/share/pico-sdk/src/rp2_common/pico_float/float_aeabi.S.obj
                0x0000000010004658                __wrap___aeabi_i2f
 .text.__wrap___aeabi_f2uiz
                0x000000001000469c       0x10 CMakeFiles/app.dir/usr/share/pico-sdk/src/rp2_common/pico_float/float_aeabi.S.obj
                0x000000001000469c                __wrap___aeabi_f2uiz
 .text.__aeabi_float_init
                0x00000000100046ac       0xfc CMakeFiles/app.dir/usr/share/pico-sdk/src/rp2_common/pico_float/float_init_rom.c.obj
                0x00000000100046ac                __aeabi_float_init
 .text.float_table_shim_on_use_helper
                0x00000000100047a8       0x34 CMakeFiles/app.dir/usr/share/pico-sdk/src/rp2_common/pico_float/float_v1_rom_shim.S.obj
                0x00000000100047a8                float_table_shim_on_use_helper
 .text          0x00000000100047dc       0x10 CMakeFiles/app.dir/usr/share/pico-sdk/src/rp2_common/pico_mem_ops/mem_ops_aeabi.S.obj
                0x00000000100047dc                __aeabi_mem_init
 .text.memset   0x00000000100047ec        0xc CMakeFiles/app.dir/usr/share/pico-sdk/src/rp2_common/pico_mem_ops/mem_ops_aeabi.S.obj
                0x00000000100047ec                __wrap_memset
 .text.memcpy   0x00000000100047f8        0xc CMakeFiles/app.dir/usr/share/pico-sdk/src/rp2_common/pico_mem_ops/mem_ops_aeabi.S.obj
                0x00000000100047f8                __wrap___aeabi_memcpy
                0x00000000100047f8                __wrap_memcpy
 .text.stdio_out_chars_no_crlf
                0x0000000010004804        0xe CMakeFiles/app.dir/usr/share/pico-sdk/src/rp2_common/pico_stdio/stdio.c.obj
 *fill*         0x0000000010004812        0x2 
 .text.stdio_out_chars_crlf
                0x0000000010004814       0x80 CMakeFiles/app.dir/usr/share/pico-sdk/src/rp2_common/pico_stdio/stdio.c.obj
 .text.stdio_stack_buffer_flush
                0x0000000010004894       0x44 CMakeFiles/app.dir/usr/share/pico-sdk/src/rp2_common/pico_stdio/stdio.c.obj
 .text.stdio_buffered_printer
                0x00000000100048d8       0x20 CMakeFiles/app.dir/usr/share/pico-sdk/src/rp2_common/pico_stdio/stdio.c.obj
 .text.stdout_serialize_begin
                0x00000000100048f8       0x30 CMakeFiles/app.dir/usr/share/pico-sdk/src/rp2_common/pico_stdio/stdio.c.obj
                0x00000000100048f8                stdout_serialize_begin
 .text.stdout_serialize_end
                0x0000000010004928       0x10 CMakeFiles/app.dir/usr/share/pico-sdk/src/rp2_common/pico_stdio/stdio.c.obj
                0x0000000010004928                stdout_serialize_end
 .text.stdio_put_string
                0x0000000010004938       0x98 CMakeFiles/app.dir/usr/share/pico-sdk/src/rp2_common/pico_stdio/stdio.c.obj
 .text.stdio_set_driver_enabled
                0x00000000100049d0       0x2c CMakeFiles/app.dir/usr/share/pico-sdk/src/rp2_common/pico_stdio/stdio.c.obj
                0x00000000100049d0                stdio_set_driver_enabled
 .text.stdio_flush
                0x00000000100049fc       0x20 CMakeFiles/app.dir/usr/share/pico-sdk/src/rp2_common/pico_stdio/stdio.c.obj
                0x00000000100049fc                stdio_flush
 .text.__wrap_puts
                0x0000000010004a1c       0x1e CMakeFiles/app.dir/usr/share/pico-sdk/src/rp2_common/pico_stdio/stdio.c.obj
                0x0000000010004a1c                __wrap_puts
 *fill*         0x0000000010004a3a        0x2 
 .text.__wrap_vprintf
                0x0000000010004a3c       0x44 CMakeFiles/app.dir/usr/share/pico-sdk/src/rp2_common/pico_stdio/stdio.c.obj
                0x0000000010004a3c                __wrap_vprintf
 .text.__wrap_printf
                0x0000000010004a80       0x18 CMakeFiles/app.dir/usr/share/pico-sdk/src/rp2_common/pico_stdio/stdio.c.obj
                0x0000000010004a80                __wrap_printf
 .text.stdio_init_all
                0x0000000010004a98        0x8 CMakeFiles/app.dir/usr/share/pico-sdk/src/rp2_common/pico_stdio/stdio.c.obj
                0x0000000010004a98                stdio_init_all
 .text.resetd_init
                0x0000000010004aa0        0x2 CMakeFiles/app.dir/usr/share/pico-sdk/src/rp2_common/pico_stdio_usb/reset_interface.c.obj
 *fill*         0x0000000010004aa2        0x2 
 .text.resetd_reset
                0x0000000010004aa4        0xc CMakeFiles/app.dir/usr/share/pico-sdk/src/rp2_common/pico_stdio_usb/reset_interface.c.obj
 .text.resetd_open
                0x0000000010004ab0       0x34 CMakeFiles/app.dir/usr/share/pico-sdk/src/rp2_common/pico_stdio_usb/reset_interface.c.obj
 .text.resetd_xfer_cb
                0x0000000010004ae4        0x4 CMakeFiles/app.dir/usr/share/pico-sdk/src/rp2_common/pico_stdio_usb/reset_interface.c.obj
 .text.reset_usb_boot
                0x0000000010004ae8       0x18 CMakeFiles/app.dir/usr/share/pico-sdk/src/rp2_common/pico_stdio_usb/reset_interface.c.obj
 .text.resetd_control_xfer_cb
                0x0000000010004b00       0x5c CMakeFiles/app.dir/usr/share/pico-sdk/src/rp2_common/pico_stdio_usb/reset_interface.c.obj
 .text.usbd_app_driver_get_cb
                0x0000000010004b5c        0xc CMakeFiles/app.dir/usr/share/pico-sdk/src/rp2_common/pico_stdio_usb/reset_interface.c.obj
                0x0000000010004b5c                usbd_app_driver_get_cb
 .text.tud_cdc_line_coding_cb
                0x0000000010004b68       0x28 CMakeFiles/app.dir/usr/share/pico-sdk/src/rp2_common/pico_stdio_usb/reset_interface.c.obj
                0x0000000010004b68                tud_cdc_line_coding_cb
 .text.stdio_usb_in_chars
                0x0000000010004b90       0x70 CMakeFiles/app.dir/usr/share/pico-sdk/src/rp2_common/pico_stdio_usb/stdio_usb.c.obj
                0x0000000010004b90                stdio_usb_in_chars
 .text.low_priority_worker_irq
                0x0000000010004c00       0x20 CMakeFiles/app.dir/usr/share/pico-sdk/src/rp2_common/pico_stdio_usb/stdio_usb.c.obj
 .text.stdio_usb_out_chars
                0x0000000010004c20       0xd4 CMakeFiles/app.dir/usr/share/pico-sdk/src/rp2_common/pico_stdio_usb/stdio_usb.c.obj
 .text.update_us_since_boot
                0x0000000010004cf4       0x24 CMakeFiles/app.dir/usr/share/pico-sdk/src/rp2_common/pico_stdio_usb/stdio_usb.c.obj
 .text.get_absolute_time
                0x0000000010004d18       0x22 CMakeFiles/app.dir/usr/share/pico-sdk/src/rp2_common/pico_stdio_usb/stdio_usb.c.obj
 .text.delayed_by_us
                0x0000000010004d3a       0x36 CMakeFiles/app.dir/usr/share/pico-sdk/src/rp2_common/pico_stdio_usb/stdio_usb.c.obj
 .text.timer_task
                0x0000000010004d70       0x40 CMakeFiles/app.dir/usr/share/pico-sdk/src/rp2_common/pico_stdio_usb/stdio_usb.c.obj
 .text.usb_irq  0x0000000010004db0       0x10 CMakeFiles/app.dir/usr/share/pico-sdk/src/rp2_common/pico_stdio_usb/stdio_usb.c.obj
 .text.alarm_pool_add_alarm_in_us
                0x0000000010004dc0       0x3a CMakeFiles/app.dir/usr/share/pico-sdk/src/rp2_common/pico_stdio_usb/stdio_usb.c.obj
 .text.add_alarm_in_us
                0x0000000010004dfa       0x2e CMakeFiles/app.dir/usr/share/pico-sdk/src/rp2_common/pico_stdio_usb/stdio_usb.c.obj
 .text.stdio_usb_init
                0x0000000010004e28       0x98 CMakeFiles/app.dir/usr/share/pico-sdk/src/rp2_common/pico_stdio_usb/stdio_usb.c.obj
                0x0000000010004e28                stdio_usb_init
 .text.tud_descriptor_device_cb
                0x0000000010004ec0        0x8 CMakeFiles/app.dir/usr/share/pico-sdk/src/rp2_common/pico_stdio_usb/stdio_usb_descriptors.c.obj
                0x0000000010004ec0                tud_descriptor_device_cb
 .text.tud_descriptor_configuration_cb
                0x0000000010004ec8        0x8 CMakeFiles/app.dir/usr/share/pico-sdk/src/rp2_common/pico_stdio_usb/stdio_usb_descriptors.c.obj
                0x0000000010004ec8                tud_descriptor_configuration_cb
 .text.tud_descriptor_string_cb
                0x0000000010004ed0       0x6c CMakeFiles/app.dir/usr/share/pico-sdk/src/rp2_common/pico_stdio_usb/stdio_usb_descriptors.c.obj
                0x0000000010004ed0                tud_descriptor_string_cb
 .text.hw_endpoint_get_by_addr
                0x0000000010004f3c       0x18 CMakeFiles/app.dir/usr/share/pico-sdk/lib/tinyusb/src/portable/raspberrypi/rp2040/dcd_rp2040.c.obj
 .text.reset_ep0_pid
                0x0000000010004f54       0x28 CMakeFiles/app.dir/usr/share/pico-sdk/lib/tinyusb/src/portable/raspberrypi/rp2040/dcd_rp2040.c.obj
 .text._hw_endpoint_alloc
                0x0000000010004f7c       0x70 CMakeFiles/app.dir/usr/share/pico-sdk/lib/tinyusb/src/portable/raspberrypi/rp2040/dcd_rp2040.c.obj
 .text.hw_endpoint_init
                0x0000000010004fec       0x88 CMakeFiles/app.dir/usr/share/pico-sdk/lib/tinyusb/src/portable/raspberrypi/rp2040/dcd_rp2040.c.obj
 .text.reset_non_control_endpoints
                0x0000000010005074       0x40 CMakeFiles/app.dir/usr/share/pico-sdk/lib/tinyusb/src/portable/raspberrypi/rp2040/dcd_rp2040.c.obj
 .text.hw_handle_buff_status
                0x00000000100050b4       0x8c CMakeFiles/app.dir/usr/share/pico-sdk/lib/tinyusb/src/portable/raspberrypi/rp2040/dcd_rp2040.c.obj
 .text.dcd_rp2040_irq
                0x0000000010005140       0xc0 CMakeFiles/app.dir/usr/share/pico-sdk/lib/tinyusb/src/portable/raspberrypi/rp2040/dcd_rp2040.c.obj
 .text.hw_endpoint_xfer
                0x0000000010005200       0x14 CMakeFiles/app.dir/usr/share/pico-sdk/lib/tinyusb/src/portable/raspberrypi/rp2040/dcd_rp2040.c.obj
 .text.dcd_int_enable
                0x0000000010005214       0x2c CMakeFiles/app.dir/usr/share/pico-sdk/lib/tinyusb/src/portable/raspberrypi/rp2040/dcd_rp2040.c.obj
                0x0000000010005214                dcd_int_enable
 .text.dcd_set_address
                0x0000000010005240       0x2c CMakeFiles/app.dir/usr/share/pico-sdk/lib/tinyusb/src/portable/raspberrypi/rp2040/dcd_rp2040.c.obj
                0x0000000010005240                dcd_set_address
 .text.dcd_connect
                0x000000001000526c       0x10 CMakeFiles/app.dir/usr/share/pico-sdk/lib/tinyusb/src/portable/raspberrypi/rp2040/dcd_rp2040.c.obj
                0x000000001000526c                dcd_connect
 .text.dcd_init
                0x000000001000527c       0x7c CMakeFiles/app.dir/usr/share/pico-sdk/lib/tinyusb/src/portable/raspberrypi/rp2040/dcd_rp2040.c.obj
                0x000000001000527c                dcd_init
 .text.dcd_edpt0_status_complete
                0x00000000100052f8       0x1c CMakeFiles/app.dir/usr/share/pico-sdk/lib/tinyusb/src/portable/raspberrypi/rp2040/dcd_rp2040.c.obj
                0x00000000100052f8                dcd_edpt0_status_complete
 .text.dcd_edpt_open
                0x0000000010005314       0x40 CMakeFiles/app.dir/usr/share/pico-sdk/lib/tinyusb/src/portable/raspberrypi/rp2040/dcd_rp2040.c.obj
                0x0000000010005314                dcd_edpt_open
 .text.dcd_edpt_close_all
                0x0000000010005354        0x8 CMakeFiles/app.dir/usr/share/pico-sdk/lib/tinyusb/src/portable/raspberrypi/rp2040/dcd_rp2040.c.obj
                0x0000000010005354                dcd_edpt_close_all
 .text.dcd_edpt_xfer
                0x000000001000535c       0x30 CMakeFiles/app.dir/usr/share/pico-sdk/lib/tinyusb/src/portable/raspberrypi/rp2040/dcd_rp2040.c.obj
                0x000000001000535c                dcd_edpt_xfer
 .text.dcd_edpt_stall
                0x000000001000538c       0x2c CMakeFiles/app.dir/usr/share/pico-sdk/lib/tinyusb/src/portable/raspberrypi/rp2040/dcd_rp2040.c.obj
                0x000000001000538c                dcd_edpt_stall
 .text.dcd_edpt_clear_stall
                0x00000000100053b8       0x20 CMakeFiles/app.dir/usr/share/pico-sdk/lib/tinyusb/src/portable/raspberrypi/rp2040/dcd_rp2040.c.obj
                0x00000000100053b8                dcd_edpt_clear_stall
 .text.prepare_ep_buffer
                0x00000000100053d8       0x6c CMakeFiles/app.dir/usr/share/pico-sdk/lib/tinyusb/src/portable/raspberrypi/rp2040/rp2040_usb.c.obj
 .text.sync_ep_buffer
                0x0000000010005444       0x78 CMakeFiles/app.dir/usr/share/pico-sdk/lib/tinyusb/src/portable/raspberrypi/rp2040/rp2040_usb.c.obj
 .text._hw_endpoint_xfer_sync
                0x00000000100054bc       0x28 CMakeFiles/app.dir/usr/share/pico-sdk/lib/tinyusb/src/portable/raspberrypi/rp2040/rp2040_usb.c.obj
 .text.rp2040_usb_init
                0x00000000100054e4       0x4c CMakeFiles/app.dir/usr/share/pico-sdk/lib/tinyusb/src/portable/raspberrypi/rp2040/rp2040_usb.c.obj
                0x00000000100054e4                rp2040_usb_init
 .text.hw_endpoint_reset_transfer
                0x0000000010005530        0xc CMakeFiles/app.dir/usr/share/pico-sdk/lib/tinyusb/src/portable/raspberrypi/rp2040/rp2040_usb.c.obj
                0x0000000010005530                hw_endpoint_reset_transfer
 .text._hw_endpoint_buffer_control_update32
                0x000000001000553c       0x58 CMakeFiles/app.dir/usr/share/pico-sdk/lib/tinyusb/src/portable/raspberrypi/rp2040/rp2040_usb.c.obj
                0x000000001000553c                _hw_endpoint_buffer_control_update32
 .text._hw_endpoint_start_next_buffer
                0x0000000010005594       0x74 CMakeFiles/app.dir/usr/share/pico-sdk/lib/tinyusb/src/portable/raspberrypi/rp2040/rp2040_usb.c.obj
 .text.hw_endpoint_xfer_start
                0x0000000010005608       0x48 CMakeFiles/app.dir/usr/share/pico-sdk/lib/tinyusb/src/portable/raspberrypi/rp2040/rp2040_usb.c.obj
                0x0000000010005608                hw_endpoint_xfer_start
 .text.hw_endpoint_xfer_continue
                0x0000000010005650       0x38 CMakeFiles/app.dir/usr/share/pico-sdk/lib/tinyusb/src/portable/raspberrypi/rp2040/rp2040_usb.c.obj
                0x0000000010005650                hw_endpoint_xfer_continue
 .text.configuration_reset
                0x0000000010005688       0x84 CMakeFiles/app.dir/usr/share/pico-sdk/lib/tinyusb/src/device/usbd.c.obj
 .text.osal_queue_receive
                0x000000001000570c       0x30 CMakeFiles/app.dir/usr/share/pico-sdk/lib/tinyusb/src/device/usbd.c.obj
 .text.usbd_reset
                0x000000001000573c        0xc CMakeFiles/app.dir/usr/share/pico-sdk/lib/tinyusb/src/device/usbd.c.obj
 .text.invoke_class_control
                0x0000000010005748       0x1a CMakeFiles/app.dir/usr/share/pico-sdk/lib/tinyusb/src/device/usbd.c.obj
 *fill*         0x0000000010005762        0x2 
 .text.process_set_config
                0x0000000010005764      0x1b0 CMakeFiles/app.dir/usr/share/pico-sdk/lib/tinyusb/src/device/usbd.c.obj
 .text.process_get_descriptor
                0x0000000010005914       0xec CMakeFiles/app.dir/usr/share/pico-sdk/lib/tinyusb/src/device/usbd.c.obj
 .text.osal_queue_send
                0x0000000010005a00       0x4c CMakeFiles/app.dir/usr/share/pico-sdk/lib/tinyusb/src/device/usbd.c.obj
 .text.tud_mounted
                0x0000000010005a4c       0x10 CMakeFiles/app.dir/usr/share/pico-sdk/lib/tinyusb/src/device/usbd.c.obj
                0x0000000010005a4c                tud_mounted
 .text.tud_suspended
                0x0000000010005a5c       0x10 CMakeFiles/app.dir/usr/share/pico-sdk/lib/tinyusb/src/device/usbd.c.obj
                0x0000000010005a5c                tud_suspended
 .text.tud_inited
                0x0000000010005a6c        0xc CMakeFiles/app.dir/usr/share/pico-sdk/lib/tinyusb/src/device/usbd.c.obj
                0x0000000010005a6c                tud_inited
 .text.tud_init
                0x0000000010005a78       0xcc CMakeFiles/app.dir/usr/share/pico-sdk/lib/tinyusb/src/device/usbd.c.obj
                0x0000000010005a78                tud_init
 .text.dcd_event_handler
                0x0000000010005b44       0xd4 CMakeFiles/app.dir/usr/share/pico-sdk/lib/tinyusb/src/device/usbd.c.obj
                0x0000000010005b44                dcd_event_handler
 .text.dcd_event_bus_signal
                0x0000000010005c18       0x26 CMakeFiles/app.dir/usr/share/pico-sdk/lib/tinyusb/src/device/usbd.c.obj
                0x0000000010005c18                dcd_event_bus_signal
 .text.dcd_event_bus_reset
                0x0000000010005c3e       0x2a CMakeFiles/app.dir/usr/share/pico-sdk/lib/tinyusb/src/device/usbd.c.obj
                0x0000000010005c3e                dcd_event_bus_reset
 .text.dcd_event_setup_received
                0x0000000010005c68       0x34 CMakeFiles/app.dir/usr/share/pico-sdk/lib/tinyusb/src/device/usbd.c.obj
                0x0000000010005c68                dcd_event_setup_received
 .text.dcd_event_xfer_complete
                0x0000000010005c9c       0x44 CMakeFiles/app.dir/usr/share/pico-sdk/lib/tinyusb/src/device/usbd.c.obj
                0x0000000010005c9c                dcd_event_xfer_complete
 .text.usbd_edpt_open
                0x0000000010005ce0       0x58 CMakeFiles/app.dir/usr/share/pico-sdk/lib/tinyusb/src/device/usbd.c.obj
                0x0000000010005ce0                usbd_edpt_open
 .text.usbd_open_edpt_pair
                0x0000000010005d38       0x8c CMakeFiles/app.dir/usr/share/pico-sdk/lib/tinyusb/src/device/usbd.c.obj
                0x0000000010005d38                usbd_open_edpt_pair
 .text.usbd_edpt_claim
                0x0000000010005dc4       0x8c CMakeFiles/app.dir/usr/share/pico-sdk/lib/tinyusb/src/device/usbd.c.obj
                0x0000000010005dc4                usbd_edpt_claim
 .text.usbd_edpt_release
                0x0000000010005e50       0x60 CMakeFiles/app.dir/usr/share/pico-sdk/lib/tinyusb/src/device/usbd.c.obj
                0x0000000010005e50                usbd_edpt_release
 .text.usbd_edpt_xfer
                0x0000000010005eb0       0x80 CMakeFiles/app.dir/usr/share/pico-sdk/lib/tinyusb/src/device/usbd.c.obj
                0x0000000010005eb0                usbd_edpt_xfer
 .text.usbd_edpt_stall
                0x0000000010005f30       0x40 CMakeFiles/app.dir/usr/share/pico-sdk/lib/tinyusb/src/device/usbd.c.obj
                0x0000000010005f30                usbd_edpt_stall
 .text.usbd_edpt_clear_stall
                0x0000000010005f70       0x40 CMakeFiles/app.dir/usr/share/pico-sdk/lib/tinyusb/src/device/usbd.c.obj
                0x0000000010005f70                usbd_edpt_clear_stall
 .text.usbd_edpt_stalled
                0x0000000010005fb0       0x1c CMakeFiles/app.dir/usr/share/pico-sdk/lib/tinyusb/src/device/usbd.c.obj
                0x0000000010005fb0                usbd_edpt_stalled
 .text.process_control_request
                0x0000000010005fcc      0x3b0 CMakeFiles/app.dir/usr/share/pico-sdk/lib/tinyusb/src/device/usbd.c.obj
 .text.tud_task
                0x000000001000637c      0x1f0 CMakeFiles/app.dir/usr/share/pico-sdk/lib/tinyusb/src/device/usbd.c.obj
                0x000000001000637c                tud_task
 .text._status_stage_xact
                0x000000001000656c       0x1a CMakeFiles/app.dir/usr/share/pico-sdk/lib/tinyusb/src/device/usbd_control.c.obj
 *fill*         0x0000000010006586        0x2 
 .text._data_stage_xact
                0x0000000010006588       0x58 CMakeFiles/app.dir/usr/share/pico-sdk/lib/tinyusb/src/device/usbd_control.c.obj
 .text.tud_control_status
                0x00000000100065e0       0x28 CMakeFiles/app.dir/usr/share/pico-sdk/lib/tinyusb/src/device/usbd_control.c.obj
                0x00000000100065e0                tud_control_status
 .text.tud_control_xfer
                0x0000000010006608       0x98 CMakeFiles/app.dir/usr/share/pico-sdk/lib/tinyusb/src/device/usbd_control.c.obj
                0x0000000010006608                tud_control_xfer
 .text.usbd_control_reset
                0x00000000100066a0       0x14 CMakeFiles/app.dir/usr/share/pico-sdk/lib/tinyusb/src/device/usbd_control.c.obj
                0x00000000100066a0                usbd_control_reset
 .text.usbd_control_set_complete_callback
                0x00000000100066b4        0xc CMakeFiles/app.dir/usr/share/pico-sdk/lib/tinyusb/src/device/usbd_control.c.obj
                0x00000000100066b4                usbd_control_set_complete_callback
 .text.usbd_control_set_request
                0x00000000100066c0       0x1c CMakeFiles/app.dir/usr/share/pico-sdk/lib/tinyusb/src/device/usbd_control.c.obj
                0x00000000100066c0                usbd_control_set_request
 .text.usbd_control_xfer_cb
                0x00000000100066dc       0xe8 CMakeFiles/app.dir/usr/share/pico-sdk/lib/tinyusb/src/device/usbd_control.c.obj
                0x00000000100066dc                usbd_control_xfer_cb
 .text._prep_out_transaction
                0x00000000100067c4       0x46 CMakeFiles/app.dir/usr/share/pico-sdk/lib/tinyusb/src/class/cdc/cdc_device.c.obj
 *fill*         0x000000001000680a        0x2 
 .text.tud_cdc_n_connected
                0x000000001000680c       0x38 CMakeFiles/app.dir/usr/share/pico-sdk/lib/tinyusb/src/class/cdc/cdc_device.c.obj
                0x000000001000680c                tud_cdc_n_connected
 .text.tud_cdc_n_available
                0x0000000010006844       0x18 CMakeFiles/app.dir/usr/share/pico-sdk/lib/tinyusb/src/class/cdc/cdc_device.c.obj
                0x0000000010006844                tud_cdc_n_available
 .text.tud_cdc_n_read
                0x000000001000685c       0x28 CMakeFiles/app.dir/usr/share/pico-sdk/lib/tinyusb/src/class/cdc/cdc_device.c.obj
                0x000000001000685c                tud_cdc_n_read
 .text.tud_cdc_n_write_flush
                0x0000000010006884       0xcc CMakeFiles/app.dir/usr/share/pico-sdk/lib/tinyusb/src/class/cdc/cdc_device.c.obj
                0x0000000010006884                tud_cdc_n_write_flush
 .text.tud_cdc_n_write
                0x0000000010006950       0x38 CMakeFiles/app.dir/usr/share/pico-sdk/lib/tinyusb/src/class/cdc/cdc_device.c.obj
                0x0000000010006950                tud_cdc_n_write
 .text.tud_cdc_n_write_available
                0x0000000010006988       0x1c CMakeFiles/app.dir/usr/share/pico-sdk/lib/tinyusb/src/class/cdc/cdc_device.c.obj
                0x0000000010006988                tud_cdc_n_write_available
 .text.cdcd_init
                0x00000000100069a4       0xbc CMakeFiles/app.dir/usr/share/pico-sdk/lib/tinyusb/src/class/cdc/cdc_device.c.obj
                0x00000000100069a4                cdcd_init
 .text.cdcd_reset
                0x0000000010006a60       0x44 CMakeFiles/app.dir/usr/share/pico-sdk/lib/tinyusb/src/class/cdc/cdc_device.c.obj
                0x0000000010006a60                cdcd_reset
 .text.cdcd_open
                0x0000000010006aa4       0xf0 CMakeFiles/app.dir/usr/share/pico-sdk/lib/tinyusb/src/class/cdc/cdc_device.c.obj
                0x0000000010006aa4                cdcd_open
 .text.cdcd_control_xfer_cb
                0x0000000010006b94      0x134 CMakeFiles/app.dir/usr/share/pico-sdk/lib/tinyusb/src/class/cdc/cdc_device.c.obj
                0x0000000010006b94                cdcd_control_xfer_cb
 .text.cdcd_xfer_cb
                0x0000000010006cc8      0x144 CMakeFiles/app.dir/usr/share/pico-sdk/lib/tinyusb/src/class/cdc/cdc_device.c.obj
                0x0000000010006cc8                cdcd_xfer_cb
 .text.tusb_init
                0x0000000010006e0c       0x24 CMakeFiles/app.dir/usr/share/pico-sdk/lib/tinyusb/src/tusb.c.obj
                0x0000000010006e0c                tusb_init
 .text.tusb_inited
                0x0000000010006e30        0xe CMakeFiles/app.dir/usr/share/pico-sdk/lib/tinyusb/src/tusb.c.obj
                0x0000000010006e30                tusb_inited
 *fill*         0x0000000010006e3e        0x2 
 .text.tu_edpt_validate
                0x0000000010006e40       0xa8 CMakeFiles/app.dir/usr/share/pico-sdk/lib/tinyusb/src/tusb.c.obj
                0x0000000010006e40                tu_edpt_validate
 .text.tu_edpt_bind_driver
                0x0000000010006ee8       0x2a CMakeFiles/app.dir/usr/share/pico-sdk/lib/tinyusb/src/tusb.c.obj
                0x0000000010006ee8                tu_edpt_bind_driver
 .text.advance_pointer
                0x0000000010006f12       0x18 CMakeFiles/app.dir/usr/share/pico-sdk/lib/tinyusb/src/common/tusb_fifo.c.obj
 .text.backward_pointer
                0x0000000010006f2a       0x1e CMakeFiles/app.dir/usr/share/pico-sdk/lib/tinyusb/src/common/tusb_fifo.c.obj
 .text.get_relative_pointer
                0x0000000010006f48       0x10 CMakeFiles/app.dir/usr/share/pico-sdk/lib/tinyusb/src/common/tusb_fifo.c.obj
 .text._tu_fifo_peek
                0x0000000010006f58       0x50 CMakeFiles/app.dir/usr/share/pico-sdk/lib/tinyusb/src/common/tusb_fifo.c.obj
 .text._ff_pull_const_addr
                0x0000000010006fa8       0x4c CMakeFiles/app.dir/usr/share/pico-sdk/lib/tinyusb/src/common/tusb_fifo.c.obj
 .text._ff_pull_n
                0x0000000010006ff4      0x10c CMakeFiles/app.dir/usr/share/pico-sdk/lib/tinyusb/src/common/tusb_fifo.c.obj
 .text._tu_fifo_peek_n
                0x0000000010007100       0x5e CMakeFiles/app.dir/usr/share/pico-sdk/lib/tinyusb/src/common/tusb_fifo.c.obj
 .text._tu_fifo_read_n
                0x000000001000715e       0x4e CMakeFiles/app.dir/usr/share/pico-sdk/lib/tinyusb/src/common/tusb_fifo.c.obj
 .text._ff_push_const_addr
                0x00000000100071ac       0x40 CMakeFiles/app.dir/usr/share/pico-sdk/lib/tinyusb/src/common/tusb_fifo.c.obj
 .text._ff_push_n
                0x00000000100071ec      0x108 CMakeFiles/app.dir/usr/share/pico-sdk/lib/tinyusb/src/common/tusb_fifo.c.obj
 .text._tu_fifo_write_n
                0x00000000100072f4       0x9e CMakeFiles/app.dir/usr/share/pico-sdk/lib/tinyusb/src/common/tusb_fifo.c.obj
 .text.tu_fifo_config
                0x0000000010007392       0x72 CMakeFiles/app.dir/usr/share/pico-sdk/lib/tinyusb/src/common/tusb_fifo.c.obj
                0x0000000010007392                tu_fifo_config
 .text.tu_fifo_count
                0x0000000010007404       0x26 CMakeFiles/app.dir/usr/share/pico-sdk/lib/tinyusb/src/common/tusb_fifo.c.obj
                0x0000000010007404                tu_fifo_count
 .text.tu_fifo_empty
                0x000000001000742a        0xe CMakeFiles/app.dir/usr/share/pico-sdk/lib/tinyusb/src/common/tusb_fifo.c.obj
                0x000000001000742a                tu_fifo_empty
 .text.tu_fifo_remaining
                0x0000000010007438       0x20 CMakeFiles/app.dir/usr/share/pico-sdk/lib/tinyusb/src/common/tusb_fifo.c.obj
                0x0000000010007438                tu_fifo_remaining
 .text.tu_fifo_read
                0x0000000010007458       0x42 CMakeFiles/app.dir/usr/share/pico-sdk/lib/tinyusb/src/common/tusb_fifo.c.obj
                0x0000000010007458                tu_fifo_read
 .text.tu_fifo_read_n
                0x000000001000749a        0xa CMakeFiles/app.dir/usr/share/pico-sdk/lib/tinyusb/src/common/tusb_fifo.c.obj
                0x000000001000749a                tu_fifo_read_n
 .text.tu_fifo_write
                0x00000000100074a4       0x6a CMakeFiles/app.dir/usr/share/pico-sdk/lib/tinyusb/src/common/tusb_fifo.c.obj
                0x00000000100074a4                tu_fifo_write
 .text.tu_fifo_write_n
                0x000000001000750e        0xa CMakeFiles/app.dir/usr/share/pico-sdk/lib/tinyusb/src/common/tusb_fifo.c.obj
                0x000000001000750e                tu_fifo_write_n
 .text.tu_fifo_clear
                0x0000000010007518       0x4c CMakeFiles/app.dir/usr/share/pico-sdk/lib/tinyusb/src/common/tusb_fifo.c.obj
                0x0000000010007518                tu_fifo_clear
 .text.tu_fifo_set_overwritable
                0x0000000010007564       0x3c CMakeFiles/app.dir/usr/share/pico-sdk/lib/tinyusb/src/common/tusb_fifo.c.obj
                0x0000000010007564                tu_fifo_set_overwritable
 .text._retrieve_unique_id_on_boot
                0x00000000100075a0       0x10 CMakeFiles/app.dir/usr/share/pico-sdk/src/rp2_common/pico_unique_id/unique_id.c.obj
 .text.pico_get_unique_board_id_string
                0x00000000100075b0       0x5c CMakeFiles/app.dir/usr/share/pico-sdk/src/rp2_common/pico_unique_id/unique_id.c.obj
                0x00000000100075b0                pico_get_unique_board_id_string
 .text.flash_get_unique_id
                0x000000001000760c       0x46 CMakeFiles/app.dir/usr/share/pico-sdk/src/rp2_common/hardware_flash/flash.c.obj
                0x000000001000760c                flash_get_unique_id
 *fill*         0x0000000010007652        0x2 
 .text.adc_init
                0x0000000010007654       0x34 CMakeFiles/app.dir/usr/share/pico-sdk/src/rp2_common/hardware_adc/adc.c.obj
                0x0000000010007654                adc_init
 .text.i2c_write_blocking_internal
                0x0000000010007688      0x146 CMakeFiles/app.dir/usr/share/pico-sdk/src/rp2_common/hardware_i2c/i2c.c.obj
 *fill*         0x00000000100077ce        0x2 
 .text.i2c_set_baudrate
                0x00000000100077d0       0xf0 CMakeFiles/app.dir/usr/share/pico-sdk/src/rp2_common/hardware_i2c/i2c.c.obj
                0x00000000100077d0                i2c_set_baudrate
 .text.i2c_init
                0x00000000100078c0       0x58 CMakeFiles/app.dir/usr/share/pico-sdk/src/rp2_common/hardware_i2c/i2c.c.obj
                0x00000000100078c0                i2c_init
 .text.i2c_write_blocking
                0x0000000010007918       0x18 CMakeFiles/app.dir/usr/share/pico-sdk/src/rp2_common/hardware_i2c/i2c.c.obj
                0x0000000010007918                i2c_write_blocking
 .text.atexit   0x0000000010007930       0x10 /usr/lib/gcc/arm-none-eabi/12.2.0/../../../../arm-none-eabi/lib/thumb/v6-m/nofp/libg.a(lib_a-atexit.o)
                0x0000000010007930                atexit
 .text.__libc_fini_array
                0x0000000010007940       0x28 /usr/lib/gcc/arm-none-eabi/12.2.0/../../../../arm-none-eabi/lib/thumb/v6-m/nofp/libg.a(lib_a-fini.o)
                0x0000000010007940                __libc_fini_array
 .text.strlen   0x0000000010007968       0x5c /usr/lib/gcc/arm-none-eabi/12.2.0/../../../../arm-none-eabi/lib/thumb/v6-m/nofp/libg.a(lib_a-strlen-stub.o)
                0x0000000010007968                strlen
 .text.__register_exitproc
                0x00000000100079c4       0xac /usr/lib/gcc/arm-none-eabi/12.2.0/../../../../arm-none-eabi/lib/thumb/v6-m/nofp/libg.a(lib_a-__atexit.o)
                0x00000000100079c4                __register_exitproc
 .text.startup.register_fini
                0x0000000010007a70       0x18 /usr/lib/gcc/arm-none-eabi/12.2.0/../../../../arm-none-eabi/lib/thumb/v6-m/nofp/libg.a(lib_a-__call_atexit.o)
 .text.__retarget_lock_acquire_recursive
                0x0000000010007a88        0x4 /usr/lib/gcc/arm-none-eabi/12.2.0/../../../../arm-none-eabi/lib/thumb/v6-m/nofp/libg.a(lib_a-lock.o)
                0x0000000010007a88                __retarget_lock_acquire_recursive
 .text.__retarget_lock_release_recursive
                0x0000000010007a8c        0x4 /usr/lib/gcc/arm-none-eabi/12.2.0/../../../../arm-none-eabi/lib/thumb/v6-m/nofp/libg.a(lib_a-lock.o)
                0x0000000010007a8c                __retarget_lock_release_recursive
 *(.fini)
 .fini          0x0000000010007a90        0x4 /usr/lib/gcc/arm-none-eabi/12.2.0/thumb/v6-m/nofp/crti.o
                0x0000000010007a90                _fini
 *fill*         0x0000000010007a94        0x4 
 .fini.__stub   0x0000000010007a98       0x70 linker stubs
 *crtbegin.o(.ctors)
 *crtbegin?.o(.ctors)
 *(EXCLUDE_FILE(*crtend.o *crtend?.o) .ctors)
 *(SORT_BY_NAME(.ctors.*))
 *(.ctors)
 *crtbegin.o(.dtors)
 *crtbegin?.o(.dtors)
 *(EXCLUDE_FILE(*crtend.o *crtend?.o) .dtors)
 *(SORT_BY_NAME(.dtors.*))
 *(.dtors)
 *(.eh_frame*)
 .eh_frame      0x0000000010007b08        0x0 /usr/lib/gcc/arm-none-eabi/12.2.0/thumb/v6-m/nofp/crtbegin.o
                0x0000000010007b08                . = ALIGN (0x4)

.glue_7         0x0000000010007b08        0x0
 .glue_7        0x0000000010007b08        0x0 linker stubs

.glue_7t        0x0000000010007b08        0x0
 .glue_7t       0x0000000010007b08        0x0 linker stubs

.vfp11_veneer   0x0000000010007b08        0x0
 .vfp11_veneer  0x0000000010007b08        0x0 linker stubs

.v4_bx          0x0000000010007b08        0x0
 .v4_bx         0x0000000010007b08        0x0 linker stubs

.iplt           0x0000000010007b08        0x0
 .iplt          0x0000000010007b08        0x0 /usr/lib/gcc/arm-none-eabi/12.2.0/thumb/v6-m/nofp/crtbegin.o

.rodata         0x0000000010007b08     0x16d4
 *(EXCLUDE_FILE(*libm.a: *libc.a:*lib_a-mem*.o *libgcc.a:) .rodata*)
 .rodata._Z17Si5351a_Write_Reghh.str1.4
                0x0000000010007b08       0x37 CMakeFiles/app.dir/si5351.cpp.obj
 *fill*         0x0000000010007b3f        0x1 
 .rodata._Z12SetFrequencym
                0x0000000010007b40       0x84 CMakeFiles/app.dir/si5351.cpp.obj
 .rodata.spin_lock_claim_unused.str1.4
                0x0000000010007bc4       0x1b CMakeFiles/app.dir/usr/share/pico-sdk/src/rp2_common/hardware_sync/sync.c.obj
 *fill*         0x0000000010007bdf        0x1 
 .rodata.resolve_branch.str1.4
                0x0000000010007be0       0x4e CMakeFiles/app.dir/usr/share/pico-sdk/src/rp2_common/hardware_irq/irq.c.obj
 *fill*         0x0000000010007c2e        0x2 
 .rodata.make_branch.str1.4
                0x0000000010007c30       0x30 CMakeFiles/app.dir/usr/share/pico-sdk/src/rp2_common/hardware_irq/irq.c.obj
 .rodata.insert_branch_and_link.str1.4
                0x0000000010007c60       0x10 CMakeFiles/app.dir/usr/share/pico-sdk/src/rp2_common/hardware_irq/irq.c.obj
 .rodata.irq_set_exclusive_handler.str1.4
                0x0000000010007c70       0x36 CMakeFiles/app.dir/usr/share/pico-sdk/src/rp2_common/hardware_irq/irq.c.obj
 *fill*         0x0000000010007ca6        0x2 
 .rodata.irq_add_shared_handler.str1.4
                0x0000000010007ca8       0xc2 CMakeFiles/app.dir/usr/share/pico-sdk/src/rp2_common/hardware_irq/irq.c.obj
 *fill*         0x0000000010007d6a        0x2 
 .rodata.irq_remove_handler.str1.4
                0x0000000010007d6c       0x2a CMakeFiles/app.dir/usr/share/pico-sdk/src/rp2_common/hardware_irq/irq.c.obj
 *fill*         0x0000000010007d96        0x2 
 .rodata.irq_add_tail_to_free_list.str1.4
                0x0000000010007d98       0x3a CMakeFiles/app.dir/usr/share/pico-sdk/src/rp2_common/hardware_irq/irq.c.obj
 *fill*         0x0000000010007dd2        0x2 
 .rodata.user_irq_claim_unused.str1.4
                0x0000000010007dd4       0x1b CMakeFiles/app.dir/usr/share/pico-sdk/src/rp2_common/hardware_irq/irq.c.obj
 *fill*         0x0000000010007def        0x1 
 .rodata.__func__.0
                0x0000000010007df0       0x1a CMakeFiles/app.dir/usr/share/pico-sdk/src/rp2_common/hardware_irq/irq.c.obj
 *fill*         0x0000000010007e0a        0x2 
 .rodata.__func__.1
                0x0000000010007e0c       0x17 CMakeFiles/app.dir/usr/share/pico-sdk/src/rp2_common/hardware_irq/irq.c.obj
 *fill*         0x0000000010007e23        0x1 
 .rodata.__func__.2
                0x0000000010007e24       0x13 CMakeFiles/app.dir/usr/share/pico-sdk/src/rp2_common/hardware_irq/irq.c.obj
 *fill*         0x0000000010007e37        0x1 
 .rodata.__func__.3
                0x0000000010007e38        0xc CMakeFiles/app.dir/usr/share/pico-sdk/src/rp2_common/hardware_irq/irq.c.obj
 .rodata.__func__.4
                0x0000000010007e44        0xf CMakeFiles/app.dir/usr/share/pico-sdk/src/rp2_common/hardware_irq/irq.c.obj
 *fill*         0x0000000010007e53        0x1 
 .rodata.__func__.5
                0x0000000010007e54       0x17 CMakeFiles/app.dir/usr/share/pico-sdk/src/rp2_common/hardware_irq/irq.c.obj
 *fill*         0x0000000010007e6b        0x1 
 .rodata.__func__.6
                0x0000000010007e6c       0x1a CMakeFiles/app.dir/usr/share/pico-sdk/src/rp2_common/hardware_irq/irq.c.obj
 *fill*         0x0000000010007e86        0x2 
 .rodata.get_entry.str1.4
                0x0000000010007e88       0x54 CMakeFiles/app.dir/usr/share/pico-sdk/src/common/pico_time/time.c.obj
 .rodata.update_us_since_boot.str1.4
                0x0000000010007edc       0x5a CMakeFiles/app.dir/usr/share/pico-sdk/src/common/pico_time/time.c.obj
 *fill*         0x0000000010007f36        0x2 
 .rodata.ph_get_node.str1.4
                0x0000000010007f38       0x5f CMakeFiles/app.dir/usr/share/pico-sdk/src/common/pico_time/time.c.obj
 *fill*         0x0000000010007f97        0x1 
 .rodata.ph_add_child_node.str1.4
                0x0000000010007f98       0x2e CMakeFiles/app.dir/usr/share/pico-sdk/src/common/pico_time/time.c.obj
 *fill*         0x0000000010007fc6        0x2 
 .rodata.ph_insert_node.str1.4
                0x0000000010007fc8        0x3 CMakeFiles/app.dir/usr/share/pico-sdk/src/common/pico_time/time.c.obj
 *fill*         0x0000000010007fcb        0x1 
 .rodata.ph_free_node.str1.4
                0x0000000010007fcc       0x22 CMakeFiles/app.dir/usr/share/pico-sdk/src/common/pico_time/time.c.obj
 *fill*         0x0000000010007fee        0x2 
 .rodata.add_alarm_under_lock.str1.4
                0x0000000010007ff0       0x28 CMakeFiles/app.dir/usr/share/pico-sdk/src/common/pico_time/time.c.obj
 .rodata.alarm_pool_alarm_callback.str1.4
                0x0000000010008018       0x60 CMakeFiles/app.dir/usr/share/pico-sdk/src/common/pico_time/time.c.obj
 .rodata.alarm_pool_get_default.str1.4
                0x0000000010008078       0x21 CMakeFiles/app.dir/usr/share/pico-sdk/src/common/pico_time/time.c.obj
 *fill*         0x0000000010008099        0x3 
 .rodata.alarm_pool_cancel_alarm.str1.4
                0x000000001000809c       0x27 CMakeFiles/app.dir/usr/share/pico-sdk/src/common/pico_time/time.c.obj
 *fill*         0x00000000100080c3        0x1 
 .rodata.__func__.1
                0x00000000100080c4       0x18 CMakeFiles/app.dir/usr/share/pico-sdk/src/common/pico_time/time.c.obj
 .rodata.__func__.3
                0x00000000100080dc       0x17 CMakeFiles/app.dir/usr/share/pico-sdk/src/common/pico_time/time.c.obj
 *fill*         0x00000000100080f3        0x1 
 .rodata.__func__.4
                0x00000000100080f4       0x12 CMakeFiles/app.dir/usr/share/pico-sdk/src/common/pico_time/time.c.obj
 *fill*         0x0000000010008106        0x2 
 .rodata.__func__.5
                0x0000000010008108        0xd CMakeFiles/app.dir/usr/share/pico-sdk/src/common/pico_time/time.c.obj
 *fill*         0x0000000010008115        0x3 
 .rodata.__func__.6
                0x0000000010008118       0x12 CMakeFiles/app.dir/usr/share/pico-sdk/src/common/pico_time/time.c.obj
 *fill*         0x000000001000812a        0x2 
 .rodata.__func__.7
                0x000000001000812c        0xf CMakeFiles/app.dir/usr/share/pico-sdk/src/common/pico_time/time.c.obj
 *fill*         0x000000001000813b        0x1 
 .rodata.__func__.8
                0x000000001000813c        0xc CMakeFiles/app.dir/usr/share/pico-sdk/src/common/pico_time/time.c.obj
 .rodata.__func__.9
                0x0000000010008148       0x15 CMakeFiles/app.dir/usr/share/pico-sdk/src/common/pico_time/time.c.obj
 *fill*         0x000000001000815d        0x3 
 .rodata.__func__.10
                0x0000000010008160       0x15 CMakeFiles/app.dir/usr/share/pico-sdk/src/common/pico_time/time.c.obj
 *fill*         0x0000000010008175        0x3 
 .rodata.__func__.11
                0x0000000010008178       0x1a CMakeFiles/app.dir/usr/share/pico-sdk/src/common/pico_time/time.c.obj
 *fill*         0x0000000010008192        0x2 
 .rodata.__func__.12
                0x0000000010008194        0xa CMakeFiles/app.dir/usr/share/pico-sdk/src/common/pico_time/time.c.obj
 *fill*         0x000000001000819e        0x2 
 .rodata.hardware_alarm_claim.str1.4
                0x00000000100081a0       0x22 CMakeFiles/app.dir/usr/share/pico-sdk/src/rp2_common/hardware_timer/timer.c.obj
 *fill*         0x00000000100081c2        0x2 
 .rodata.hardware_alarm_set_target.str1.4
                0x00000000100081c4       0x5e CMakeFiles/app.dir/usr/share/pico-sdk/src/rp2_common/hardware_timer/timer.c.obj
 *fill*         0x0000000010008222        0x2 
 .rodata.__func__.0
                0x0000000010008224       0x1a CMakeFiles/app.dir/usr/share/pico-sdk/src/rp2_common/hardware_timer/timer.c.obj
 .rodata.ph_get_node.str1.4
                0x000000001000823e       0x5f CMakeFiles/app.dir/usr/share/pico-sdk/src/common/pico_util/pheap.c.obj
 .rodata.ph_add_child_node.str1.4
                0x000000001000823e       0x2e CMakeFiles/app.dir/usr/share/pico-sdk/src/common/pico_util/pheap.c.obj
 *fill*         0x000000001000823e        0x2 
 .rodata.ph_remove_any_head.str1.4
                0x0000000010008240       0x88 CMakeFiles/app.dir/usr/share/pico-sdk/src/common/pico_util/pheap.c.obj
 .rodata.ph_remove_and_free_node.str1.4
                0x00000000100082c8       0x1e CMakeFiles/app.dir/usr/share/pico-sdk/src/common/pico_util/pheap.c.obj
                                         0x26 (size before relaxing)
 *fill*         0x00000000100082e6        0x2 
 .rodata.__func__.0
                0x00000000100082e8       0x18 CMakeFiles/app.dir/usr/share/pico-sdk/src/common/pico_util/pheap.c.obj
 .rodata.__func__.1
                0x0000000010008300       0x13 CMakeFiles/app.dir/usr/share/pico-sdk/src/common/pico_util/pheap.c.obj
 *fill*         0x0000000010008313        0x1 
 .rodata.__func__.2
                0x0000000010008314       0x12 CMakeFiles/app.dir/usr/share/pico-sdk/src/common/pico_util/pheap.c.obj
 *fill*         0x0000000010008326        0x2 
 .rodata.__func__.3
                0x0000000010008328        0xc CMakeFiles/app.dir/usr/share/pico-sdk/src/common/pico_util/pheap.c.obj
 .rodata.update_us_since_boot.str1.4
                0x0000000010008334       0x5a CMakeFiles/app.dir/usr/share/pico-sdk/src/common/pico_sync/mutex.c.obj
 .rodata.str1.4
                0x0000000010008334       0x85 CMakeFiles/app.dir/usr/share/pico-sdk/src/common/pico_sync/mutex.c.obj
 *fill*         0x00000000100083b9        0x3 
 .rodata.__func__.1
                0x00000000100083bc        0xb CMakeFiles/app.dir/usr/share/pico-sdk/src/common/pico_sync/mutex.c.obj
 *fill*         0x00000000100083c7        0x1 
 .rodata.__func__.3
                0x00000000100083c8       0x18 CMakeFiles/app.dir/usr/share/pico-sdk/src/common/pico_sync/mutex.c.obj
 .rodata.__func__.4
                0x00000000100083e0       0x15 CMakeFiles/app.dir/usr/share/pico-sdk/src/common/pico_sync/mutex.c.obj
 *fill*         0x00000000100083f5        0x3 
 .rodata.__assert_func.str1.4
                0x00000000100083f8       0x3f CMakeFiles/app.dir/usr/share/pico-sdk/src/rp2_common/pico_runtime/runtime.c.obj
                                         0x43 (size before relaxing)
 *fill*         0x0000000010008437        0x1 
 .rodata.runtime_init.str1.4
                0x0000000010008438       0x5a CMakeFiles/app.dir/usr/share/pico-sdk/src/rp2_common/pico_runtime/runtime.c.obj
 *fill*         0x0000000010008492        0x2 
 .rodata.panic.str1.4
                0x0000000010008494       0x12 CMakeFiles/app.dir/usr/share/pico-sdk/src/rp2_common/pico_runtime/runtime.c.obj
 *fill*         0x00000000100084a6        0x2 
 .rodata.__func__.1
                0x00000000100084a8        0xd CMakeFiles/app.dir/usr/share/pico-sdk/src/rp2_common/pico_runtime/runtime.c.obj
 *fill*         0x00000000100084b5        0x3 
 .rodata.clock_configure.str1.4
                0x00000000100084b8       0x50 CMakeFiles/app.dir/usr/share/pico-sdk/src/rp2_common/hardware_clocks/clocks.c.obj
 .rodata.__func__.1
                0x0000000010008508       0x10 CMakeFiles/app.dir/usr/share/pico-sdk/src/rp2_common/hardware_clocks/clocks.c.obj
 .rodata.pll_init.str1.4
                0x0000000010008518      0x133 CMakeFiles/app.dir/usr/share/pico-sdk/src/rp2_common/hardware_pll/pll.c.obj
 *fill*         0x000000001000864b        0x1 
 .rodata.__func__.0
                0x000000001000864c        0x9 CMakeFiles/app.dir/usr/share/pico-sdk/src/rp2_common/hardware_pll/pll.c.obj
 *fill*         0x0000000010008655        0x3 
 .rodata._ftoa.str1.4
                0x0000000010008658       0x15 CMakeFiles/app.dir/usr/share/pico-sdk/src/rp2_common/pico_printf/printf.c.obj
 *fill*         0x000000001000866d        0x3 
 .rodata._vsnprintf
                0x0000000010008670      0x19c CMakeFiles/app.dir/usr/share/pico-sdk/src/rp2_common/pico_printf/printf.c.obj
 *fill*         0x000000001000880c        0x4 
 .rodata.pow10.0
                0x0000000010008810       0x50 CMakeFiles/app.dir/usr/share/pico-sdk/src/rp2_common/pico_printf/printf.c.obj
 .rodata.__aeabi_double_init.str1.4
                0x0000000010008860       0xa1 CMakeFiles/app.dir/usr/share/pico-sdk/src/rp2_common/pico_double/double_init_rom.c.obj
 *fill*         0x0000000010008901        0x3 
 .rodata.__func__.0
                0x0000000010008904       0x14 CMakeFiles/app.dir/usr/share/pico-sdk/src/rp2_common/pico_double/double_init_rom.c.obj
 .rodata.__aeabi_float_init.str1.4
                0x0000000010008918       0x73 CMakeFiles/app.dir/usr/share/pico-sdk/src/rp2_common/pico_float/float_init_rom.c.obj
                                         0x77 (size before relaxing)
 *fill*         0x000000001000898b        0x1 
 .rodata.__func__.0
                0x000000001000898c       0x13 CMakeFiles/app.dir/usr/share/pico-sdk/src/rp2_common/pico_float/float_init_rom.c.obj
 *fill*         0x000000001000899f        0x1 
 .rodata.str1.4
                0x00000000100089a0       0x38 CMakeFiles/app.dir/usr/share/pico-sdk/src/rp2_common/pico_standard_link/binary_info.c.obj
 .rodata.__bi_81
                0x00000000100089d8        0xc CMakeFiles/app.dir/usr/share/pico-sdk/src/rp2_common/pico_standard_link/binary_info.c.obj
 .rodata.__bi_75
                0x00000000100089e4        0xc CMakeFiles/app.dir/usr/share/pico-sdk/src/rp2_common/pico_standard_link/binary_info.c.obj
 .rodata.__bi_44
                0x00000000100089f0        0xc CMakeFiles/app.dir/usr/share/pico-sdk/src/rp2_common/pico_standard_link/binary_info.c.obj
 .rodata.crlf_str.3
                0x00000000100089fc        0x2 CMakeFiles/app.dir/usr/share/pico-sdk/src/rp2_common/pico_stdio/stdio.c.obj
 *fill*         0x00000000100089fe        0x2 
 .rodata._resetd_driver
                0x0000000010008a00       0x18 CMakeFiles/app.dir/usr/share/pico-sdk/src/rp2_common/pico_stdio_usb/reset_interface.c.obj
 .rodata.update_us_since_boot.str1.4
                0x0000000010008a18       0x5a CMakeFiles/app.dir/usr/share/pico-sdk/src/rp2_common/pico_stdio_usb/stdio_usb.c.obj
 .rodata.timer_task.str1.4
                0x0000000010008a18       0x66 CMakeFiles/app.dir/usr/share/pico-sdk/src/rp2_common/pico_stdio_usb/stdio_usb.c.obj
 *fill*         0x0000000010008a7e        0x2 
 .rodata.__func__.0
                0x0000000010008a80       0x15 CMakeFiles/app.dir/usr/share/pico-sdk/src/rp2_common/pico_stdio_usb/stdio_usb.c.obj
 *fill*         0x0000000010008a95        0x3 
 .rodata.__func__.1
                0x0000000010008a98        0xb CMakeFiles/app.dir/usr/share/pico-sdk/src/rp2_common/pico_stdio_usb/stdio_usb.c.obj
 *fill*         0x0000000010008aa3        0x1 
 .rodata.str1.4
                0x0000000010008aa4       0x13 CMakeFiles/app.dir/usr/share/pico-sdk/src/rp2_common/pico_stdio_usb/stdio_usb.c.obj
 *fill*         0x0000000010008ab7        0x1 
 .rodata.__bi_118.2
                0x0000000010008ab8        0xc CMakeFiles/app.dir/usr/share/pico-sdk/src/rp2_common/pico_stdio_usb/stdio_usb.c.obj
 .rodata.str1.4
                0x0000000010008ac4       0x2a CMakeFiles/app.dir/usr/share/pico-sdk/src/rp2_common/pico_stdio_usb/stdio_usb_descriptors.c.obj
 *fill*         0x0000000010008aee        0x2 
 .rodata.usbd_desc_str
                0x0000000010008af0       0x18 CMakeFiles/app.dir/usr/share/pico-sdk/src/rp2_common/pico_stdio_usb/stdio_usb_descriptors.c.obj
 .rodata.usbd_desc_cfg
                0x0000000010008b08       0x54 CMakeFiles/app.dir/usr/share/pico-sdk/src/rp2_common/pico_stdio_usb/stdio_usb_descriptors.c.obj
 .rodata.usbd_desc_device
                0x0000000010008b5c       0x12 CMakeFiles/app.dir/usr/share/pico-sdk/src/rp2_common/pico_stdio_usb/stdio_usb_descriptors.c.obj
 *fill*         0x0000000010008b6e        0x2 
 .rodata._hw_endpoint_alloc.str1.4
                0x0000000010008b70       0xb1 CMakeFiles/app.dir/usr/share/pico-sdk/lib/tinyusb/src/portable/raspberrypi/rp2040/dcd_rp2040.c.obj
 *fill*         0x0000000010008c21        0x3 
 .rodata.dcd_rp2040_irq.str1.4
                0x0000000010008c24       0x14 CMakeFiles/app.dir/usr/share/pico-sdk/lib/tinyusb/src/portable/raspberrypi/rp2040/dcd_rp2040.c.obj
 .rodata.dcd_int_enable.str1.4
                0x0000000010008c38        0xc CMakeFiles/app.dir/usr/share/pico-sdk/lib/tinyusb/src/portable/raspberrypi/rp2040/dcd_rp2040.c.obj
 .rodata.__func__.0
                0x0000000010008c44        0xe CMakeFiles/app.dir/usr/share/pico-sdk/lib/tinyusb/src/portable/raspberrypi/rp2040/dcd_rp2040.c.obj
 *fill*         0x0000000010008c52        0x2 
 .rodata.__func__.1
                0x0000000010008c54        0xe CMakeFiles/app.dir/usr/share/pico-sdk/lib/tinyusb/src/portable/raspberrypi/rp2040/dcd_rp2040.c.obj
 *fill*         0x0000000010008c62        0x2 
 .rodata.__func__.3
                0x0000000010008c64       0x10 CMakeFiles/app.dir/usr/share/pico-sdk/lib/tinyusb/src/portable/raspberrypi/rp2040/dcd_rp2040.c.obj
 .rodata.__func__.5
                0x0000000010008c74        0xf CMakeFiles/app.dir/usr/share/pico-sdk/lib/tinyusb/src/portable/raspberrypi/rp2040/dcd_rp2040.c.obj
 *fill*         0x0000000010008c83        0x1 
 .rodata.__func__.6
                0x0000000010008c84       0x13 CMakeFiles/app.dir/usr/share/pico-sdk/lib/tinyusb/src/portable/raspberrypi/rp2040/dcd_rp2040.c.obj
 *fill*         0x0000000010008c97        0x1 
 .rodata.__func__.7
                0x0000000010008c98        0x9 CMakeFiles/app.dir/usr/share/pico-sdk/lib/tinyusb/src/portable/raspberrypi/rp2040/dcd_rp2040.c.obj
 *fill*         0x0000000010008ca1        0x3 
 .rodata.sync_ep_buffer.str1.4
                0x0000000010008ca4       0x8d CMakeFiles/app.dir/usr/share/pico-sdk/lib/tinyusb/src/portable/raspberrypi/rp2040/rp2040_usb.c.obj
 *fill*         0x0000000010008d31        0x3 
 .rodata._hw_endpoint_buffer_control_update32.str1.4
                0x0000000010008d34       0x1f CMakeFiles/app.dir/usr/share/pico-sdk/lib/tinyusb/src/portable/raspberrypi/rp2040/rp2040_usb.c.obj
 *fill*         0x0000000010008d53        0x1 
 .rodata.hw_endpoint_xfer_start.str1.4
                0x0000000010008d54       0x38 CMakeFiles/app.dir/usr/share/pico-sdk/lib/tinyusb/src/portable/raspberrypi/rp2040/rp2040_usb.c.obj
 .rodata.hw_endpoint_xfer_continue.str1.4
                0x0000000010008d8c       0x29 CMakeFiles/app.dir/usr/share/pico-sdk/lib/tinyusb/src/portable/raspberrypi/rp2040/rp2040_usb.c.obj
 *fill*         0x0000000010008db5        0x3 
 .rodata.__func__.0
                0x0000000010008db8        0xf CMakeFiles/app.dir/usr/share/pico-sdk/lib/tinyusb/src/portable/raspberrypi/rp2040/rp2040_usb.c.obj
 *fill*         0x0000000010008dc7        0x1 
 .rodata.str1.4
                0x0000000010008dc8        0x7 CMakeFiles/app.dir/usr/share/pico-sdk/lib/tinyusb/src/portable/raspberrypi/rp2040/rp2040_usb.c.obj
 *fill*         0x0000000010008dcf        0x1 
 .rodata.process_set_config.str1.4
                0x0000000010008dd0       0x17 CMakeFiles/app.dir/usr/share/pico-sdk/lib/tinyusb/src/device/usbd.c.obj
 *fill*         0x0000000010008de7        0x1 
 .rodata.process_get_descriptor
                0x0000000010008de8       0x40 CMakeFiles/app.dir/usr/share/pico-sdk/lib/tinyusb/src/device/usbd.c.obj
 .rodata.process_control_request
                0x0000000010008e28       0x28 CMakeFiles/app.dir/usr/share/pico-sdk/lib/tinyusb/src/device/usbd.c.obj
 .rodata.tud_task
                0x0000000010008e50       0x24 CMakeFiles/app.dir/usr/share/pico-sdk/lib/tinyusb/src/device/usbd.c.obj
 .rodata.__func__.2
                0x0000000010008e74        0xf CMakeFiles/app.dir/usr/share/pico-sdk/lib/tinyusb/src/device/usbd.c.obj
 *fill*         0x0000000010008e83        0x1 
 .rodata.__func__.3
                0x0000000010008e84        0xf CMakeFiles/app.dir/usr/share/pico-sdk/lib/tinyusb/src/device/usbd.c.obj
 *fill*         0x0000000010008e93        0x1 
 .rodata.__func__.4
                0x0000000010008e94       0x14 CMakeFiles/app.dir/usr/share/pico-sdk/lib/tinyusb/src/device/usbd.c.obj
 .rodata.__func__.5
                0x0000000010008ea8       0x10 CMakeFiles/app.dir/usr/share/pico-sdk/lib/tinyusb/src/device/usbd.c.obj
 .rodata.__func__.6
                0x0000000010008eb8       0x17 CMakeFiles/app.dir/usr/share/pico-sdk/lib/tinyusb/src/device/usbd.c.obj
 *fill*         0x0000000010008ecf        0x1 
 .rodata.__func__.7
                0x0000000010008ed0       0x13 CMakeFiles/app.dir/usr/share/pico-sdk/lib/tinyusb/src/device/usbd.c.obj
 *fill*         0x0000000010008ee3        0x1 
 .rodata.__func__.8
                0x0000000010008ee4       0x18 CMakeFiles/app.dir/usr/share/pico-sdk/lib/tinyusb/src/device/usbd.c.obj
 .rodata.__func__.9
                0x0000000010008efc        0x9 CMakeFiles/app.dir/usr/share/pico-sdk/lib/tinyusb/src/device/usbd.c.obj
 *fill*         0x0000000010008f05        0x3 
 .rodata._usbd_driver
                0x0000000010008f08       0x18 CMakeFiles/app.dir/usr/share/pico-sdk/lib/tinyusb/src/device/usbd.c.obj
 .rodata.tud_control_xfer.str1.4
                0x0000000010008f20       0x17 CMakeFiles/app.dir/usr/share/pico-sdk/lib/tinyusb/src/device/usbd_control.c.obj
 .rodata.__func__.0
                0x0000000010008f20       0x15 CMakeFiles/app.dir/usr/share/pico-sdk/lib/tinyusb/src/device/usbd_control.c.obj
 *fill*         0x0000000010008f35        0x3 
 .rodata.__func__.1
                0x0000000010008f38       0x11 CMakeFiles/app.dir/usr/share/pico-sdk/lib/tinyusb/src/device/usbd_control.c.obj
 .rodata.tud_cdc_n_write_flush.str1.4
                0x0000000010008f49       0x17 CMakeFiles/app.dir/usr/share/pico-sdk/lib/tinyusb/src/class/cdc/cdc_device.c.obj
 *fill*         0x0000000010008f49        0x3 
 .rodata.__func__.0
                0x0000000010008f4c        0xd CMakeFiles/app.dir/usr/share/pico-sdk/lib/tinyusb/src/class/cdc/cdc_device.c.obj
 *fill*         0x0000000010008f59        0x3 
 .rodata.__func__.1
                0x0000000010008f5c        0xa CMakeFiles/app.dir/usr/share/pico-sdk/lib/tinyusb/src/class/cdc/cdc_device.c.obj
 *fill*         0x0000000010008f66        0x2 
 .rodata.__func__.2
                0x0000000010008f68       0x16 CMakeFiles/app.dir/usr/share/pico-sdk/lib/tinyusb/src/class/cdc/cdc_device.c.obj
 .rodata.tusb_init.str1.4
                0x0000000010008f7e       0x17 CMakeFiles/app.dir/usr/share/pico-sdk/lib/tinyusb/src/tusb.c.obj
 *fill*         0x0000000010008f7e        0x2 
 .rodata.__func__.0
                0x0000000010008f80       0x11 CMakeFiles/app.dir/usr/share/pico-sdk/lib/tinyusb/src/tusb.c.obj
 *fill*         0x0000000010008f91        0x3 
 .rodata.__func__.1
                0x0000000010008f94        0xa CMakeFiles/app.dir/usr/share/pico-sdk/lib/tinyusb/src/tusb.c.obj
 *fill*         0x0000000010008f9e        0x2 
 .rodata.pico_get_unique_board_id_string.str1.4
                0x0000000010008fa0       0x46 CMakeFiles/app.dir/usr/share/pico-sdk/src/rp2_common/pico_unique_id/unique_id.c.obj
 *fill*         0x0000000010008fe6        0x2 
 .rodata.__func__.0
                0x0000000010008fe8       0x20 CMakeFiles/app.dir/usr/share/pico-sdk/src/rp2_common/pico_unique_id/unique_id.c.obj
 .rodata.str1.4
                0x0000000010009008      0x152 CMakeFiles/app.dir/usr/share/pico-sdk/src/rp2_common/hardware_flash/flash.c.obj
 *fill*         0x000000001000915a        0x2 
 .rodata.__func__.0
                0x000000001000915c        0xd CMakeFiles/app.dir/usr/share/pico-sdk/src/rp2_common/hardware_flash/flash.c.obj
 *fill*         0x0000000010009169        0x3 
 .rodata.i2c_set_baudrate.str1.4
                0x000000001000916c       0x56 CMakeFiles/app.dir/usr/share/pico-sdk/src/rp2_common/hardware_i2c/i2c.c.obj
 *fill*         0x00000000100091c2        0x2 
 .rodata.__func__.0
                0x00000000100091c4       0x11 CMakeFiles/app.dir/usr/share/pico-sdk/src/rp2_common/hardware_i2c/i2c.c.obj
 *fill*         0x00000000100091d5        0x3 
 .rodata._global_impure_ptr
                0x00000000100091d8        0x4 /usr/lib/gcc/arm-none-eabi/12.2.0/../../../../arm-none-eabi/lib/thumb/v6-m/nofp/libg.a(lib_a-impure.o)
                0x00000000100091d8                _global_impure_ptr
                0x00000000100091dc                . = ALIGN (0x4)
 *(SORT_BY_ALIGNMENT(SORT_BY_NAME(.flashdata*)))
                0x00000000100091dc                . = ALIGN (0x4)

.rel.dyn        0x00000000100091dc        0x0
 .rel.iplt      0x00000000100091dc        0x0 /usr/lib/gcc/arm-none-eabi/12.2.0/thumb/v6-m/nofp/crtbegin.o

.ARM.extab
 *(.ARM.extab* .gnu.linkonce.armextab.*)
                0x00000000100091dc                __exidx_start = .

.ARM.exidx
 *(.ARM.exidx* .gnu.linkonce.armexidx.*)
                0x00000000100091dc                __exidx_end = .
                0x00000000100091dc                . = ALIGN (0x4)
                0x00000000100091dc                __binary_info_start = .

.binary_info    0x00000000100091dc       0x20
 *(.binary_info.keep.*)
 .binary_info.keep.__bi_ptr81
                0x00000000100091dc        0x4 CMakeFiles/app.dir/usr/share/pico-sdk/src/rp2_common/pico_standard_link/binary_info.c.obj
 .binary_info.keep.__bi_ptr75
                0x00000000100091e0        0x4 CMakeFiles/app.dir/usr/share/pico-sdk/src/rp2_common/pico_standard_link/binary_info.c.obj
 .binary_info.keep.__bi_ptr50
                0x00000000100091e4        0x4 CMakeFiles/app.dir/usr/share/pico-sdk/src/rp2_common/pico_standard_link/binary_info.c.obj
 .binary_info.keep.__bi_ptr44
                0x00000000100091e8        0x4 CMakeFiles/app.dir/usr/share/pico-sdk/src/rp2_common/pico_standard_link/binary_info.c.obj
 .binary_info.keep.__bi_ptr38
                0x00000000100091ec        0x4 CMakeFiles/app.dir/usr/share/pico-sdk/src/rp2_common/pico_standard_link/binary_info.c.obj
 .binary_info.keep.__bi_ptr30
                0x00000000100091f0        0x4 CMakeFiles/app.dir/usr/share/pico-sdk/src/rp2_common/pico_standard_link/binary_info.c.obj
 .binary_info.keep.__bi_ptr22
                0x00000000100091f4        0x4 CMakeFiles/app.dir/usr/share/pico-sdk/src/rp2_common/pico_standard_link/binary_info.c.obj
 *(.binary_info.*)
 .binary_info.__bi_ptr118
                0x00000000100091f8        0x4 CMakeFiles/app.dir/usr/share/pico-sdk/src/rp2_common/pico_stdio_usb/stdio_usb.c.obj
                0x00000000100091fc                __binary_info_end = .
                0x00000000100091fc                . = ALIGN (0x4)
                0x00000000100091fc                __etext = .

.ram_vector_table
                0x0000000020000000       0xc0
 *(.ram_vector_table)
 .ram_vector_table
                0x0000000020000000       0xc0 CMakeFiles/app.dir/usr/share/pico-sdk/src/rp2_common/pico_runtime/runtime.c.obj
                0x0000000020000000                ram_vector_table

.data           0x00000000200000c0      0x830 load address 0x00000000100091fc
                0x00000000200000c0                __data_start__ = .
 *(vtable)
 *(.time_critical*)
 .time_critical.mutex_enter_blocking
                0x00000000200000c0       0x48 CMakeFiles/app.dir/usr/share/pico-sdk/src/common/pico_sync/mutex.c.obj